******************************************************************************
                  TI ARM Linker PC v18.1.2                     
******************************************************************************
>> Linked Tue Oct  9 16:03:31 2018

OUTPUT FILE NAME:   <lab_6.out>
ENTRY POINT SYMBOL: "_c_int00_noargs"  address: 00003749


MEMORY CONFIGURATION

         name            origin    length      used     unused   attr    fill
----------------------  --------  ---------  --------  --------  ----  --------
  FLASH                 00000000   00040000  00003b6c  0003c494  R  X
  SRAM                  20000000   00008000  00000f7d  00007083  RW X


SEGMENT ALLOCATION MAP

run origin  load origin   length   init length attrs members
----------  ----------- ---------- ----------- ----- -------
00000000    00000000    00003b70   00003b70    r-x
  00000000    00000000    0000026c   0000026c    r-- .intvecs
  0000026c    0000026c    00003798   00003798    r-x .text
  00003a04    00003a04    00000118   00000118    r-- .const
  00003b20    00003b20    00000050   00000050    r-- .cinit
20000000    20000000    00000f81   00000000    rw-
  20000000    20000000    0000026c   00000000    rw- .vtable
  20000270    20000270    00000800   00000000    rw- .stack
  20000a70    20000a70    00000400   00000000    rw- .sysmem
  20000e70    20000e70    000000e8   00000000    rw- .bss
  20000f58    20000f58    00000029   00000000    rw- .data


SECTION ALLOCATION MAP

 output                                  attributes/
section   page    origin      length       input sections
--------  ----  ----------  ----------   ----------------
.intvecs   0    00000000    0000026c     
                  00000000    0000026c     tm4c123gh6pm_startup_ccs.obj (.intvecs)

.text      0    0000026c    00003798     
                  0000026c    00000a88     open_interface.obj (.text)
                  00000cf4    00000a5e     rtsv7M4_T_le_v4SPD16_eabi.lib : _printfi.c.obj (.text:__TI_printfi)
                  00001752    00000002                                   : _lock.c.obj (.text:_nop)
                  00001754    0000033c     lab3_template.obj (.text)
                  00001a90    000002ec     lcd.obj (.text)
                  00001d7c    00000270     rtsv7M4_T_le_v4SPD16_eabi.lib : _printfi.c.obj (.text:_pconv_a)
                  00001fec    000001e0     movement.obj (.text)
                  000021cc    000001d0     rtsv7M4_T_le_v4SPD16_eabi.lib : _printfi.c.obj (.text:_pconv_g)
                  0000239c    000001b6                                   : fd_add_t2.asm.obj (.text)
                  00002552    00000002                                   : div0.asm.obj (.text)
                  00002554    00000158     timer.obj (.text)
                  000026ac    0000013c     rtsv7M4_T_le_v4SPD16_eabi.lib : _printfi.c.obj (.text:_pconv_e)
                  000027e8    00000136                                   : fd_div_t2.asm.obj (.text)
                  0000291e    00000002     --HOLE-- [fill = 0]
                  00002920    00000120                                   : _printfi.c.obj (.text:fcvt)
                  00002a40    00000118     uart.obj (.text)
                  00002b58    00000110     rtsv7M4_T_le_v4SPD16_eabi.lib : s_scalbn.c.obj (.text:scalbn)
                  00002c68    000000fc                                   : fd_mul_t2.asm.obj (.text)
                  00002d64    000000f0     button.obj (.text)
                  00002e54    000000d8     rtsv7M4_T_le_v4SPD16_eabi.lib : memory.c.obj (.text:free)
                  00002f2c    000000b1                                   : _printfi.c.obj (.text:_ltostr)
                  00002fdd    00000001     --HOLE-- [fill = 0]
                  00002fde    0000009c                                   : memcpy_t2.asm.obj (.text)
                  0000307a    00000096                                   : ull_div_t2.asm.obj (.text)
                  00003110    00000086                                   : fd_cmp_t2.asm.obj (.text:__aeabi_cdcmple)
                  00003196    00000086                                   : fd_cmp_t2.asm.obj (.text:__aeabi_cdrcmple)
                  0000321c    0000007a                                   : memset_t2.asm.obj (.text)
                  00003296    00000002     --HOLE-- [fill = 0]
                  00003298    00000078                                   : memory.c.obj (.text:malloc)
                  00003310    0000006e                                   : _printfi.c.obj (.text:_mcpy)
                  0000337e    0000006e                                   : fd_tos_t2.asm.obj (.text)
                  000033ec    00000068                                   : copy_decompress_lzss.c.obj (.text:decompress:lzss:__TI_decompress_lzss)
                  00003454    00000064                                   : s_frexp.c.obj (.text:frexp)
                  000034b8    00000056                                   : _printfi.c.obj (.text:_pconv_f)
                  0000350e    00000054                                   : ltoa.c.obj (.text:ltoa)
                  00003562    00000052                                   : _printfi.c.obj (.text:_ecpy)
                  000035b4    0000004c                                   : atoi.c.obj (.text:atoi)
                  00003600    00000048                                   : fd_toi_t2.asm.obj (.text)
                  00003648    00000044                                   : autoinit.c.obj (.text:__TI_auto_init_nobinit_nopinit:__TI_auto_init_nobinit_nopinit)
                  0000368c    00000040                                   : vsnprintf.c.obj (.text:vsnprintf)
                  000036cc    0000003e                                   : _printfi.c.obj (.text:_fcpy)
                  0000370a    00000002     --HOLE-- [fill = 0]
                  0000370c    0000003c                                   : memory.c.obj (.text:minsert)
                  00003748    00000038                                   : boot_cortex_m.c.obj (.text:_c_int00_noargs:_c_int00_noargs)
                  00003780    00000038                                   : memory.c.obj (.text:minit)
                  000037b8    00000038                                   : fs_tod_t2.asm.obj (.text)
                  000037f0    00000034     driverlib.lib : interrupt.obj (.text:IntRegister)
                  00003824    00000030     rtsv7M4_T_le_v4SPD16_eabi.lib : vsnprintf.c.obj (.text:_outs)
                  00003854    0000002e                                   : i_tofd_t2.asm.obj (.text)
                  00003882    0000002a                                   : memory.c.obj (.text:calloc)
                  000038ac    00000028                                   : memory.c.obj (.text:mremove)
                  000038d4    0000001c                                   : memccpy.c.obj (.text:memccpy)
                  000038f0    00000018                                   : vsnprintf.c.obj (.text:_outc)
                  00003908    00000018     open_interface.obj (.text:oi_parseInt)
                  00003920    00000018     rtsv7M4_T_le_v4SPD16_eabi.lib : strcmp.c.obj (.text:strcmp)
                  00003938    00000016                                   : strchr.c.obj (.text:strchr)
                  0000394e    00000014                                   : s_copysign.c.obj (.text:copysign)
                  00003962    00000014                                   : strcpy.c.obj (.text:strcpy)
                  00003976    00000014                                   : strlen.c.obj (.text:strlen)
                  0000398a    00000012                                   : copy_zero_init.c.obj (.text:decompress:ZI:__TI_zero_init_nomemset:__TI_zero_init_nomemset)
                  0000399c    00000012                                   : wcslen.c.obj (.text:wcslen)
                  000039ae    00000010     driverlib.lib : interrupt.obj (.text:IntMasterEnable)
                  000039be    00000010     lcd.obj (.text:lcd_clear)
                  000039ce    0000000e     rtsv7M4_T_le_v4SPD16_eabi.lib : copy_decompress_none.c.obj (.text:decompress:none:__TI_decompress_none)
                  000039dc    0000000c     driverlib.lib : cpu.obj (.text:CPUcpsie)
                  000039e8    0000000c     tm4c123gh6pm_startup_ccs.obj (.text)
                  000039f4    00000008     rtsv7M4_T_le_v4SPD16_eabi.lib : errno.c.obj (.text:__aeabi_errno_addr)
                  000039fc    00000004                                   : pre_init.c.obj (.text:_system_pre_init)
                  00003a00    00000004                                   : exit.c.obj (.text:abort:abort)

.const     0    00003a04    00000118     
                  00003a04    00000101     rtsv7M4_T_le_v4SPD16_eabi.lib : ctype.c.obj (.const:.string:_ctypes_)
                  00003b05    0000000f     open_interface.obj (.const:.string:$P$T0$3)
                  00003b14    00000004     lcd.obj (.const:.string:lineAddress$1)
                  00003b18    00000004     lcd.obj (.const:.string:lineAddresses$2)

.cinit     0    00003b20    00000050     
                  00003b20    00000018     (.cinit..data.load) [load image, compression = lzss]
                  00003b38    0000000c     (__TI_handler_table)
                  00003b44    00000004     --HOLE-- [fill = 0]
                  00003b48    00000008     (.cinit..bss.load) [load image, compression = zero_init]
                  00003b50    00000008     (.cinit..vtable.load) [load image, compression = zero_init]
                  00003b58    00000018     (__TI_cinit_table)

.init_array 
*          0    00000000    00000000     UNINITIALIZED

.vtable    0    20000000    0000026c     UNINITIALIZED
                  20000000    0000026c     driverlib.lib : interrupt.obj (.vtable)

.stack     0    20000270    00000800     UNINITIALIZED
                  20000270    00000004     rtsv7M4_T_le_v4SPD16_eabi.lib : boot_cortex_m.c.obj (.stack)
                  20000274    000007fc     --HOLE--

.sysmem    0    20000a70    00000400     UNINITIALIZED
                  20000a70    00000008     rtsv7M4_T_le_v4SPD16_eabi.lib : memory.c.obj (.sysmem)
                  20000a78    000003f8     --HOLE--

.bss       0    20000e70    000000e8     UNINITIALIZED
                  20000e70    00000054     lcd.obj (.bss:lastbuffer$3)
                  20000ec4    00000001     (.common:_prevButton)
                  20000ec5    00000003     --HOLE--
                  20000ec8    00000050     (.common:distancesCM)
                  20000f18    00000028     (.common:voltages)
                  20000f40    00000018     open_interface.obj (.bss:firmware$2)

.data      0    20000f58    00000029     UNINITIALIZED
                  20000f58    00000010     open_interface.obj (.data)
                  20000f68    0000000c     rtsv7M4_T_le_v4SPD16_eabi.lib : memory.c.obj (.data:$O1$$)
                  20000f74    00000008                                   : _lock.c.obj (.data:$O1$$)
                  20000f7c    00000004                                   : errno.c.obj (.data)
                  20000f80    00000001     button.obj (.data)

MODULE SUMMARY

       Module                         code    ro data   rw data
       ------                         ----    -------   -------
    .\
       open_interface.obj             2720    15        40     
       lab3_template.obj              828     0         120    
       lcd.obj                        764     8         84     
       tm4c123gh6pm_startup_ccs.obj   12      620       0      
       movement.obj                   480     0         0      
       timer.obj                      344     0         0      
       uart.obj                       280     0         0      
       button.obj                     240     0         2      
    +--+------------------------------+-------+---------+---------+
       Total:                         5668    643       246    
                                                               
    C:/ti/TivaWare_C_Series-2.1.4.178/driverlib/ccs/Debug/driverlib.lib
       interrupt.obj                  68      0         620    
       cpu.obj                        12      0         0      
    +--+------------------------------+-------+---------+---------+
       Total:                         80      0         620    
                                                               
    C:\ti\ccsv8\tools\compiler\ti-cgt-arm_18.1.2.LTS\lib\rtsv7M4_T_le_v4SPD16_eabi.lib
       _printfi.c.obj                 4863    0         0      
       memory.c.obj                   534     0         12     
       fd_add_t2.asm.obj              438     0         0      
       fd_div_t2.asm.obj              310     0         0      
       s_scalbn.c.obj                 272     0         0      
       fd_cmp_t2.asm.obj              268     0         0      
       ctype.c.obj                    0       257       0      
       fd_mul_t2.asm.obj              252     0         0      
       memcpy_t2.asm.obj              156     0         0      
       ull_div_t2.asm.obj             150     0         0      
       vsnprintf.c.obj                136     0         0      
       memset_t2.asm.obj              122     0         0      
       fd_tos_t2.asm.obj              110     0         0      
       copy_decompress_lzss.c.obj     104     0         0      
       s_frexp.c.obj                  100     0         0      
       ltoa.c.obj                     84      0         0      
       atoi.c.obj                     76      0         0      
       fd_toi_t2.asm.obj              72      0         0      
       autoinit.c.obj                 68      0         0      
       boot_cortex_m.c.obj            56      0         0      
       fs_tod_t2.asm.obj              56      0         0      
       i_tofd_t2.asm.obj              46      0         0      
       memccpy.c.obj                  28      0         0      
       strcmp.c.obj                   24      0         0      
       strchr.c.obj                   22      0         0      
       s_copysign.c.obj               20      0         0      
       strcpy.c.obj                   20      0         0      
       strlen.c.obj                   20      0         0      
       copy_zero_init.c.obj           18      0         0      
       wcslen.c.obj                   18      0         0      
       copy_decompress_none.c.obj     14      0         0      
       errno.c.obj                    8       0         4      
       _lock.c.obj                    2       0         8      
       exit.c.obj                     4       0         0      
       pre_init.c.obj                 4       0         0      
       div0.asm.obj                   2       0         0      
    +--+------------------------------+-------+---------+---------+
       Total:                         8477    257       24     
                                                               
       Heap:                          0       0         1024   
       Stack:                         0       0         2048   
       Linker Generated:              0       76        0      
    +--+------------------------------+-------+---------+---------+
       Grand Total:                   14225   976       3962   


LINKER GENERATED COPY TABLES

__TI_cinit_table @ 00003b58 records: 3, size/record: 8, table size: 24
	.data: load addr=00003b20, load size=00000018 bytes, run addr=20000f58, run size=00000029 bytes, compression=lzss
	.bss: load addr=00003b48, load size=00000008 bytes, run addr=20000e70, run size=000000e8 bytes, compression=zero_init
	.vtable: load addr=00003b50, load size=00000008 bytes, run addr=20000000, run size=0000026c bytes, compression=zero_init


LINKER GENERATED HANDLER TABLE

__TI_handler_table @ 00003b38 records: 3, size/record: 4, table size: 12
	index: 0, handler: __TI_zero_init
	index: 1, handler: __TI_decompress_lzss
	index: 2, handler: __TI_decompress_none


GLOBAL SYMBOLS: SORTED ALPHABETICALLY BY Name 

address   name                          
-------   ----                          
000017b3  ADC_init                      
00001825  ADC_read                      
00001847  ADC_read2                     
00003a01  C$$EXIT                       
000039dd  CPUcpsie                      
00000b65  GPIOF_Handler                 
00001897  IR_Convert                    
000039af  IntMasterEnable               
000037f1  IntRegister                   
000039e9  ResetISR                      
20000a70  __STACK_END                   
00000800  __STACK_SIZE                  
20000470  __STACK_TOP                   
00000400  __SYSMEM_SIZE                 
00003b58  __TI_CINIT_Base               
00003b70  __TI_CINIT_Limit              
00003b38  __TI_Handler_Table_Base       
00003b44  __TI_Handler_Table_Limit      
00003649  __TI_auto_init_nobinit_nopinit
000033ed  __TI_decompress_lzss          
000039cf  __TI_decompress_none          
ffffffff  __TI_pprof_out_hndl           
00000cf5  __TI_printfi                  
ffffffff  __TI_prof_data_size           
ffffffff  __TI_prof_data_start          
00000000  __TI_static_base__            
0000398b  __TI_zero_init_nomemset       
00003111  __aeabi_cdcmpeq               
00003111  __aeabi_cdcmple               
00003197  __aeabi_cdrcmple              
0000337f  __aeabi_d2f                   
00003601  __aeabi_d2iz                  
000023a7  __aeabi_dadd                  
000027e9  __aeabi_ddiv                  
00002c69  __aeabi_dmul                  
0000239d  __aeabi_dsub                  
000039f5  __aeabi_errno_addr            
000037b9  __aeabi_f2d                   
00003855  __aeabi_i2d                   
00002553  __aeabi_idiv0                 
00002553  __aeabi_ldiv0                 
0000321d  __aeabi_memclr                
0000321d  __aeabi_memclr4               
0000321d  __aeabi_memclr8               
00002fdf  __aeabi_memcpy                
00002fdf  __aeabi_memcpy4               
00002fdf  __aeabi_memcpy8               
0000321f  __aeabi_memset                
0000321f  __aeabi_memset4               
0000321f  __aeabi_memset8               
0000307b  __aeabi_uldivmod              
ffffffff  __binit__                     
ffffffff  __c_args__                    
UNDEFED   __mpu_init                    
20000270  __stack                       
00003749  _c_int00_noargs               
00003a04  _ctypes_                      
20000f74  _lock                         
00001753  _nop                          
20000ec4  _prevButton                   
20000a70  _sys_memory                   
UNDEFED   _system_post_cinit            
000039fd  _system_pre_init              
20000f78  _unlock                       
00003a01  abort                         
000035b5  atoi                          
ffffffff  binit                         
00002d91  button_checkButtons           
00002d9b  button_getButton              
00002de7  button_getButtonBlocking      
00002dfb  button_getButtonChange        
00002e25  button_getButtonChangeBlocking
00002d65  button_init                   
00001913  calibrate                     
00003883  calloc                        
0000394f  copysign                      
0000394f  copysignl                     
20000ec8  distancesCM                   
20000f7c  errno                         
00002e55  free                          
00003455  frexp                         
00003455  frexpl                        
20000000  g_pfnRAMVectors               
00000000  g_pfnVectors                  
00000b7f  getDegrees                    
00000921  go_charge                     
000039bf  lcd_clear                     
00001c29  lcd_gotoLine                  
00001a91  lcd_init                      
00001c8f  lcd_printf                    
00001b51  lcd_putc                      
00001b89  lcd_puts                      
00001ba7  lcd_sendCommand               
00001be5  lcd_sendNibble                
00001c51  lcd_setCursorPos              
00002b59  ldexp                         
00002b59  ldexpl                        
0000350f  ltoa                          
00001755  main                          
00003299  malloc                        
000038d5  memccpy                       
00002fdf  memcpy                        
00003225  memset                        
00003781  minit                         
0000214b  moveRectangle_counterclockwise
0000208d  move_backward                 
00001fed  move_forward                  
000021a3  obstacle_left                 
0000217d  obstacle_right                
0000026d  oi_alloc                      
00000a4b  oi_checkFirmware              
000002c3  oi_close                      
00000279  oi_free                       
000002ad  oi_init                       
00000289  oi_init_noupdate              
000008b7  oi_loadSong                   
00003909  oi_parseInt                   
00000327  oi_parsePacket                
0000090d  oi_play_song                  
00000831  oi_setLeds                    
00000875  oi_setWheels                  
00000af3  oi_shutoff_init               
0000092f  oi_uartInit                   
000009d3  oi_uartReceive                
00000a19  oi_uartSendBuff               
000009b7  oi_uartSendChar               
000009fb  oi_uartSendStr                
000002d5  oi_update                     
00002b59  scalbn                        
00002b59  scalbnl                       
00003939  strchr                        
00003921  strcmp                        
00003963  strcpy                        
00003977  strlen                        
00002665  timer_getClock                
00002619  timer_startClock              
000025b3  timer_startTimer              
0000266b  timer_stopClock               
00002603  timer_stopTimer               
00002589  timer_waitMicros              
00002555  timer_waitMillis              
0000210b  turn_clockwise                
000020cb  turn_counterclockwise         
00002a41  uart_init                     
00002ae5  uart_receive                  
00002ac9  uart_sendChar                 
00002b1b  uart_sendStr                  
20000f18  voltages                      
0000368d  vsnprintf                     
0000399d  wcslen                        


GLOBAL SYMBOLS: SORTED BY Symbol Address 

address   name                          
-------   ----                          
00000000  __TI_static_base__            
00000000  g_pfnVectors                  
0000026d  oi_alloc                      
00000279  oi_free                       
00000289  oi_init_noupdate              
000002ad  oi_init                       
000002c3  oi_close                      
000002d5  oi_update                     
00000327  oi_parsePacket                
00000400  __SYSMEM_SIZE                 
00000800  __STACK_SIZE                  
00000831  oi_setLeds                    
00000875  oi_setWheels                  
000008b7  oi_loadSong                   
0000090d  oi_play_song                  
00000921  go_charge                     
0000092f  oi_uartInit                   
000009b7  oi_uartSendChar               
000009d3  oi_uartReceive                
000009fb  oi_uartSendStr                
00000a19  oi_uartSendBuff               
00000a4b  oi_checkFirmware              
00000af3  oi_shutoff_init               
00000b65  GPIOF_Handler                 
00000b7f  getDegrees                    
00000cf5  __TI_printfi                  
00001753  _nop                          
00001755  main                          
000017b3  ADC_init                      
00001825  ADC_read                      
00001847  ADC_read2                     
00001897  IR_Convert                    
00001913  calibrate                     
00001a91  lcd_init                      
00001b51  lcd_putc                      
00001b89  lcd_puts                      
00001ba7  lcd_sendCommand               
00001be5  lcd_sendNibble                
00001c29  lcd_gotoLine                  
00001c51  lcd_setCursorPos              
00001c8f  lcd_printf                    
00001fed  move_forward                  
0000208d  move_backward                 
000020cb  turn_counterclockwise         
0000210b  turn_clockwise                
0000214b  moveRectangle_counterclockwise
0000217d  obstacle_right                
000021a3  obstacle_left                 
0000239d  __aeabi_dsub                  
000023a7  __aeabi_dadd                  
00002553  __aeabi_idiv0                 
00002553  __aeabi_ldiv0                 
00002555  timer_waitMillis              
00002589  timer_waitMicros              
000025b3  timer_startTimer              
00002603  timer_stopTimer               
00002619  timer_startClock              
00002665  timer_getClock                
0000266b  timer_stopClock               
000027e9  __aeabi_ddiv                  
00002a41  uart_init                     
00002ac9  uart_sendChar                 
00002ae5  uart_receive                  
00002b1b  uart_sendStr                  
00002b59  ldexp                         
00002b59  ldexpl                        
00002b59  scalbn                        
00002b59  scalbnl                       
00002c69  __aeabi_dmul                  
00002d65  button_init                   
00002d91  button_checkButtons           
00002d9b  button_getButton              
00002de7  button_getButtonBlocking      
00002dfb  button_getButtonChange        
00002e25  button_getButtonChangeBlocking
00002e55  free                          
00002fdf  __aeabi_memcpy                
00002fdf  __aeabi_memcpy4               
00002fdf  __aeabi_memcpy8               
00002fdf  memcpy                        
0000307b  __aeabi_uldivmod              
00003111  __aeabi_cdcmpeq               
00003111  __aeabi_cdcmple               
00003197  __aeabi_cdrcmple              
0000321d  __aeabi_memclr                
0000321d  __aeabi_memclr4               
0000321d  __aeabi_memclr8               
0000321f  __aeabi_memset                
0000321f  __aeabi_memset4               
0000321f  __aeabi_memset8               
00003225  memset                        
00003299  malloc                        
0000337f  __aeabi_d2f                   
000033ed  __TI_decompress_lzss          
00003455  frexp                         
00003455  frexpl                        
0000350f  ltoa                          
000035b5  atoi                          
00003601  __aeabi_d2iz                  
00003649  __TI_auto_init_nobinit_nopinit
0000368d  vsnprintf                     
00003749  _c_int00_noargs               
00003781  minit                         
000037b9  __aeabi_f2d                   
000037f1  IntRegister                   
00003855  __aeabi_i2d                   
00003883  calloc                        
000038d5  memccpy                       
00003909  oi_parseInt                   
00003921  strcmp                        
00003939  strchr                        
0000394f  copysign                      
0000394f  copysignl                     
00003963  strcpy                        
00003977  strlen                        
0000398b  __TI_zero_init_nomemset       
0000399d  wcslen                        
000039af  IntMasterEnable               
000039bf  lcd_clear                     
000039cf  __TI_decompress_none          
000039dd  CPUcpsie                      
000039e9  ResetISR                      
000039f5  __aeabi_errno_addr            
000039fd  _system_pre_init              
00003a01  C$$EXIT                       
00003a01  abort                         
00003a04  _ctypes_                      
00003b38  __TI_Handler_Table_Base       
00003b44  __TI_Handler_Table_Limit      
00003b58  __TI_CINIT_Base               
00003b70  __TI_CINIT_Limit              
20000000  g_pfnRAMVectors               
20000270  __stack                       
20000470  __STACK_TOP                   
20000a70  __STACK_END                   
20000a70  _sys_memory                   
20000ec4  _prevButton                   
20000ec8  distancesCM                   
20000f18  voltages                      
20000f74  _lock                         
20000f78  _unlock                       
20000f7c  errno                         
ffffffff  __TI_pprof_out_hndl           
ffffffff  __TI_prof_data_size           
ffffffff  __TI_prof_data_start          
ffffffff  __binit__                     
ffffffff  __c_args__                    
ffffffff  binit                         
UNDEFED   __mpu_init                    
UNDEFED   _system_post_cinit            

[150 symbols]
