******************************************************************************
                  TI ARM Linker PC v18.1.2                     
******************************************************************************
>> Linked Tue Oct 23 16:07:08 2018

OUTPUT FILE NAME:   <lab_7.out>
ENTRY POINT SYMBOL: "_c_int00_noargs"  address: 000026d1


MEMORY CONFIGURATION

         name            origin    length      used     unused   attr    fill
----------------------  --------  ---------  --------  --------  ----  --------
  FLASH                 00000000   00040000  00002a1d  0003d5e3  R  X
  SRAM                  20000000   00008000  00000edd  00007123  RW X


SEGMENT ALLOCATION MAP

run origin  load origin   length   init length attrs members
----------  ----------- ---------- ----------- ----- -------
00000000    00000000    00002a20   00002a20    r-x
  00000000    00000000    0000026c   0000026c    r-- .intvecs
  0000026c    0000026c    00002668   00002668    r-x .text
  000028d4    000028d4    00000109   00000109    r-- .const
  000029e0    000029e0    00000040   00000040    r-- .cinit
20000000    20000000    00000ee4   00000000    rw-
  20000000    20000000    0000026c   00000000    rw- .vtable
  20000270    20000270    00000800   00000000    rw- .stack
  20000a70    20000a70    00000400   00000000    rw- .sysmem
  20000e70    20000e70    00000069   00000000    rw- .bss
  20000edc    20000edc    00000008   00000000    rw- .data


SECTION ALLOCATION MAP

 output                                  attributes/
section   page    origin      length       input sections
--------  ----  ----------  ----------   ----------------
.intvecs   0    00000000    0000026c     
                  00000000    0000026c     tm4c123gh6pm_startup_ccs.obj (.intvecs)

.text      0    0000026c    00002668     
                  0000026c    00000a5e     rtsv7M4_T_le_v4SPD16_eabi.lib : _printfi.c.obj (.text:__TI_printfi)
                  00000cca    00000002                                   : div0.asm.obj (.text)
                  00000ccc    000002ec     lcd.obj (.text)
                  00000fb8    000002ec     ping.obj (.text)
                  000012a4    00000270     rtsv7M4_T_le_v4SPD16_eabi.lib : _printfi.c.obj (.text:_pconv_a)
                  00001514    000001d0                                   : _printfi.c.obj (.text:_pconv_g)
                  000016e4    000001b6                                   : fd_add_t2.asm.obj (.text)
                  0000189a    00000002     --HOLE-- [fill = 0]
                  0000189c    00000158     timer.obj (.text)
                  000019f4    0000013c     rtsv7M4_T_le_v4SPD16_eabi.lib : _printfi.c.obj (.text:_pconv_e)
                  00001b30    00000136                                   : fd_div_t2.asm.obj (.text)
                  00001c66    00000002     --HOLE-- [fill = 0]
                  00001c68    00000120                                   : _printfi.c.obj (.text:fcvt)
                  00001d88    00000110                                   : s_scalbn.c.obj (.text:scalbn)
                  00001e98    000000fc                                   : fd_mul_t2.asm.obj (.text)
                  00001f94    000000b1                                   : _printfi.c.obj (.text:_ltostr)
                  00002045    00000001     --HOLE-- [fill = 0]
                  00002046    0000009c                                   : memcpy_t2.asm.obj (.text)
                  000020e2    00000096                                   : ull_div_t2.asm.obj (.text)
                  00002178    00000086                                   : fd_cmp_t2.asm.obj (.text:__aeabi_cdcmple)
                  000021fe    00000086                                   : fd_cmp_t2.asm.obj (.text:__aeabi_cdrcmple)
                  00002284    0000007a                                   : memset_t2.asm.obj (.text)
                  000022fe    0000006e                                   : _printfi.c.obj (.text:_mcpy)
                  0000236c    00000068                                   : copy_decompress_lzss.c.obj (.text:decompress:lzss:__TI_decompress_lzss)
                  000023d4    00000064                                   : s_frexp.c.obj (.text:frexp)
                  00002438    00000056                                   : _printfi.c.obj (.text:_pconv_f)
                  0000248e    00000054                                   : ltoa.c.obj (.text:ltoa)
                  000024e2    00000052                                   : _printfi.c.obj (.text:_ecpy)
                  00002534    0000004c                                   : atoi.c.obj (.text:atoi)
                  00002580    00000048                                   : fd_toi_t2.asm.obj (.text)
                  000025c8    00000044                                   : autoinit.c.obj (.text:__TI_auto_init_nobinit_nopinit:__TI_auto_init_nobinit_nopinit)
                  0000260c    00000044                                   : fd_tou_t2.asm.obj (.text)
                  00002650    00000040                                   : vsnprintf.c.obj (.text:vsnprintf)
                  00002690    0000003e                                   : _printfi.c.obj (.text:_fcpy)
                  000026ce    00000002     --HOLE-- [fill = 0]
                  000026d0    00000038                                   : boot_cortex_m.c.obj (.text:_c_int00_noargs:_c_int00_noargs)
                  00002708    00000034     driverlib.lib : interrupt.obj (.text:IntRegister)
                  0000273c    00000030     rtsv7M4_T_le_v4SPD16_eabi.lib : vsnprintf.c.obj (.text:_outs)
                  0000276c    0000002e                                   : i_tofd_t2.asm.obj (.text)
                  0000279a    00000020                                   : u_tofd_t2.asm.obj (.text)
                  000027ba    0000001c                                   : memccpy.c.obj (.text:memccpy)
                  000027d6    00000018                                   : vsnprintf.c.obj (.text:_outc)
                  000027ee    00000018                                   : strcmp.c.obj (.text:strcmp)
                  00002806    00000016                                   : strchr.c.obj (.text:strchr)
                  0000281c    00000014                                   : s_copysign.c.obj (.text:copysign)
                  00002830    00000014                                   : strcpy.c.obj (.text:strcpy)
                  00002844    00000014                                   : strlen.c.obj (.text:strlen)
                  00002858    00000012                                   : copy_zero_init.c.obj (.text:decompress:ZI:__TI_zero_init_nomemset:__TI_zero_init_nomemset)
                  0000286a    00000012                                   : wcslen.c.obj (.text:wcslen)
                  0000287c    00000010     driverlib.lib : interrupt.obj (.text:IntMasterEnable)
                  0000288c    00000010     lcd.obj (.text:lcd_clear)
                  0000289c    0000000e     rtsv7M4_T_le_v4SPD16_eabi.lib : copy_decompress_none.c.obj (.text:decompress:none:__TI_decompress_none)
                  000028aa    0000000c     driverlib.lib : cpu.obj (.text:CPUcpsie)
                  000028b6    0000000c     tm4c123gh6pm_startup_ccs.obj (.text)
                  000028c2    00000002     --HOLE-- [fill = 0]
                  000028c4    00000008     rtsv7M4_T_le_v4SPD16_eabi.lib : errno.c.obj (.text:__aeabi_errno_addr)
                  000028cc    00000004                                   : pre_init.c.obj (.text:_system_pre_init)
                  000028d0    00000004                                   : exit.c.obj (.text:abort:abort)

.const     0    000028d4    00000109     
                  000028d4    00000101     rtsv7M4_T_le_v4SPD16_eabi.lib : ctype.c.obj (.const:.string:_ctypes_)
                  000029d5    00000004     lcd.obj (.const:.string:lineAddress$1)
                  000029d9    00000004     lcd.obj (.const:.string:lineAddresses$2)

.cinit     0    000029e0    00000040     
                  000029e0    0000000c     (__TI_handler_table)
                  000029ec    00000004     --HOLE-- [fill = 0]
                  000029f0    00000008     (.cinit..bss.load) [load image, compression = zero_init]
                  000029f8    00000008     (.cinit..vtable.load) [load image, compression = zero_init]
                  00002a00    00000007     (.cinit..data.load) [load image, compression = lzss]
                  00002a07    00000001     --HOLE-- [fill = 0]
                  00002a08    00000018     (__TI_cinit_table)

.init_array 
*          0    00000000    00000000     UNINITIALIZED

.vtable    0    20000000    0000026c     UNINITIALIZED
                  20000000    0000026c     driverlib.lib : interrupt.obj (.vtable)

.stack     0    20000270    00000800     UNINITIALIZED
                  20000270    00000004     rtsv7M4_T_le_v4SPD16_eabi.lib : boot_cortex_m.c.obj (.stack)
                  20000274    000007fc     --HOLE--

.sysmem    0    20000a70    00000400     UNINITIALIZED
                  20000a70    00000008     rtsv7M4_T_le_v4SPD16_eabi.lib : memory.c.obj (.sysmem)
                  20000a78    000003f8     --HOLE--

.bss       0    20000e70    00000069     UNINITIALIZED
                  20000e70    00000054     lcd.obj (.bss:lastbuffer$3)
                  20000ec4    00000004     (.common:cm)
                  20000ec8    00000004     (.common:falling_time)
                  20000ecc    00000004     (.common:rising_time)
                  20000ed0    00000004     (.common:width)
                  20000ed4    00000004     (.common:width_time)
                  20000ed8    00000001     (.common:state)

.data      0    20000edc    00000008     UNINITIALIZED
                  20000edc    00000004     ping.obj (.data)
                  20000ee0    00000004     rtsv7M4_T_le_v4SPD16_eabi.lib : errno.c.obj (.data)

MODULE SUMMARY

       Module                         code   ro data   rw data
       ------                         ----   -------   -------
    .\
       lcd.obj                        764    8         84     
       ping.obj                       748    0         25     
       tm4c123gh6pm_startup_ccs.obj   12     620       0      
       timer.obj                      344    0         0      
    +--+------------------------------+------+---------+---------+
       Total:                         1868   628       109    
                                                              
    C:/ti/TivaWare_C_Series-2.1.4.178/driverlib/ccs/Debug/driverlib.lib
       interrupt.obj                  68     0         620    
       cpu.obj                        12     0         0      
    +--+------------------------------+------+---------+---------+
       Total:                         80     0         620    
                                                              
    C:\ti\ccsv8\tools\compiler\ti-cgt-arm_18.1.2.LTS\lib\rtsv7M4_T_le_v4SPD16_eabi.lib
       _printfi.c.obj                 4863   0         0      
       fd_add_t2.asm.obj              438    0         0      
       fd_div_t2.asm.obj              310    0         0      
       s_scalbn.c.obj                 272    0         0      
       fd_cmp_t2.asm.obj              268    0         0      
       ctype.c.obj                    0      257       0      
       fd_mul_t2.asm.obj              252    0         0      
       memcpy_t2.asm.obj              156    0         0      
       ull_div_t2.asm.obj             150    0         0      
       vsnprintf.c.obj                136    0         0      
       memset_t2.asm.obj              122    0         0      
       copy_decompress_lzss.c.obj     104    0         0      
       s_frexp.c.obj                  100    0         0      
       ltoa.c.obj                     84     0         0      
       atoi.c.obj                     76     0         0      
       fd_toi_t2.asm.obj              72     0         0      
       autoinit.c.obj                 68     0         0      
       fd_tou_t2.asm.obj              68     0         0      
       boot_cortex_m.c.obj            56     0         0      
       i_tofd_t2.asm.obj              46     0         0      
       u_tofd_t2.asm.obj              32     0         0      
       memccpy.c.obj                  28     0         0      
       strcmp.c.obj                   24     0         0      
       strchr.c.obj                   22     0         0      
       s_copysign.c.obj               20     0         0      
       strcpy.c.obj                   20     0         0      
       strlen.c.obj                   20     0         0      
       copy_zero_init.c.obj           18     0         0      
       wcslen.c.obj                   18     0         0      
       copy_decompress_none.c.obj     14     0         0      
       errno.c.obj                    8      0         4      
       exit.c.obj                     4      0         0      
       pre_init.c.obj                 4      0         0      
       div0.asm.obj                   2      0         0      
    +--+------------------------------+------+---------+---------+
       Total:                         7875   257       4      
                                                              
       Heap:                          0      0         1024   
       Stack:                         0      0         2048   
       Linker Generated:              0      59        0      
    +--+------------------------------+------+---------+---------+
       Grand Total:                   9823   944       3805   


LINKER GENERATED COPY TABLES

__TI_cinit_table @ 00002a08 records: 3, size/record: 8, table size: 24
	.bss: load addr=000029f0, load size=00000008 bytes, run addr=20000e70, run size=00000069 bytes, compression=zero_init
	.vtable: load addr=000029f8, load size=00000008 bytes, run addr=20000000, run size=0000026c bytes, compression=zero_init
	.data: load addr=00002a00, load size=00000007 bytes, run addr=20000edc, run size=00000008 bytes, compression=lzss


LINKER GENERATED HANDLER TABLE

__TI_handler_table @ 000029e0 records: 3, size/record: 4, table size: 12
	index: 0, handler: __TI_zero_init
	index: 1, handler: __TI_decompress_lzss
	index: 2, handler: __TI_decompress_none


GLOBAL SYMBOLS: SORTED ALPHABETICALLY BY Name 

address   name                          
-------   ----                          
000028d1  C$$EXIT                       
000028ab  CPUcpsie                      
0000103d  GPIO_init                     
0000287d  IntMasterEnable               
00002709  IntRegister                   
00001071  PING_init                     
000028b7  ResetISR                      
00000ff5  TIMER3B_Handler               
20000a70  __STACK_END                   
00000800  __STACK_SIZE                  
20000470  __STACK_TOP                   
00000400  __SYSMEM_SIZE                 
00002a08  __TI_CINIT_Base               
00002a20  __TI_CINIT_Limit              
000029e0  __TI_Handler_Table_Base       
000029ec  __TI_Handler_Table_Limit      
000025c9  __TI_auto_init_nobinit_nopinit
0000236d  __TI_decompress_lzss          
0000289d  __TI_decompress_none          
ffffffff  __TI_pprof_out_hndl           
0000026d  __TI_printfi                  
ffffffff  __TI_prof_data_size           
ffffffff  __TI_prof_data_start          
00000000  __TI_static_base__            
00002859  __TI_zero_init_nomemset       
00002179  __aeabi_cdcmpeq               
00002179  __aeabi_cdcmple               
000021ff  __aeabi_cdrcmple              
00002581  __aeabi_d2iz                  
0000260d  __aeabi_d2uiz                 
000016ef  __aeabi_dadd                  
00001b31  __aeabi_ddiv                  
00001e99  __aeabi_dmul                  
000016e5  __aeabi_dsub                  
000028c5  __aeabi_errno_addr            
0000276d  __aeabi_i2d                   
00000ccb  __aeabi_idiv0                 
00000ccb  __aeabi_ldiv0                 
00002285  __aeabi_memclr                
00002285  __aeabi_memclr4               
00002285  __aeabi_memclr8               
00002047  __aeabi_memcpy                
00002047  __aeabi_memcpy4               
00002047  __aeabi_memcpy8               
00002287  __aeabi_memset                
00002287  __aeabi_memset4               
00002287  __aeabi_memset8               
0000279b  __aeabi_ui2d                  
000020e3  __aeabi_uldivmod              
ffffffff  __binit__                     
ffffffff  __c_args__                    
UNDEFED   __mpu_init                    
20000270  __stack                       
000026d1  _c_int00_noargs               
000028d4  _ctypes_                      
20000a70  _sys_memory                   
UNDEFED   _system_post_cinit            
000028cd  _system_pre_init              
000028d1  abort                         
00002535  atoi                          
ffffffff  binit                         
20000ec4  cm                            
0000281d  copysign                      
0000281d  copysignl                     
20000ee0  errno                         
20000ec8  falling_time                  
000023d5  frexp                         
000023d5  frexpl                        
20000000  g_pfnRAMVectors               
00000000  g_pfnVectors                  
0000288d  lcd_clear                     
00000e65  lcd_gotoLine                  
00000ccd  lcd_init                      
00000ecb  lcd_printf                    
00000d8d  lcd_putc                      
00000dc5  lcd_puts                      
00000de3  lcd_sendCommand               
00000e21  lcd_sendNibble                
00000e8d  lcd_setCursorPos              
00001d89  ldexp                         
00001d89  ldexpl                        
0000248f  ltoa                          
00000fb9  main                          
000027bb  memccpy                       
00002047  memcpy                        
0000228d  memset                        
20000edc  overflow                      
00001177  ping_read                     
20000ecc  rising_time                   
00001d89  scalbn                        
00001d89  scalbnl                       
00001103  send_pulse                    
20000ed8  state                         
00002807  strchr                        
000027ef  strcmp                        
00002831  strcpy                        
00002845  strlen                        
000019ad  timer_getClock                
00001961  timer_startClock              
000018fb  timer_startTimer              
000019b3  timer_stopClock               
0000194b  timer_stopTimer               
000018d1  timer_waitMicros              
0000189d  timer_waitMillis              
00002651  vsnprintf                     
0000286b  wcslen                        
20000ed0  width                         
20000ed4  width_time                    


GLOBAL SYMBOLS: SORTED BY Symbol Address 

address   name                          
-------   ----                          
00000000  __TI_static_base__            
00000000  g_pfnVectors                  
0000026d  __TI_printfi                  
00000400  __SYSMEM_SIZE                 
00000800  __STACK_SIZE                  
00000ccb  __aeabi_idiv0                 
00000ccb  __aeabi_ldiv0                 
00000ccd  lcd_init                      
00000d8d  lcd_putc                      
00000dc5  lcd_puts                      
00000de3  lcd_sendCommand               
00000e21  lcd_sendNibble                
00000e65  lcd_gotoLine                  
00000e8d  lcd_setCursorPos              
00000ecb  lcd_printf                    
00000fb9  main                          
00000ff5  TIMER3B_Handler               
0000103d  GPIO_init                     
00001071  PING_init                     
00001103  send_pulse                    
00001177  ping_read                     
000016e5  __aeabi_dsub                  
000016ef  __aeabi_dadd                  
0000189d  timer_waitMillis              
000018d1  timer_waitMicros              
000018fb  timer_startTimer              
0000194b  timer_stopTimer               
00001961  timer_startClock              
000019ad  timer_getClock                
000019b3  timer_stopClock               
00001b31  __aeabi_ddiv                  
00001d89  ldexp                         
00001d89  ldexpl                        
00001d89  scalbn                        
00001d89  scalbnl                       
00001e99  __aeabi_dmul                  
00002047  __aeabi_memcpy                
00002047  __aeabi_memcpy4               
00002047  __aeabi_memcpy8               
00002047  memcpy                        
000020e3  __aeabi_uldivmod              
00002179  __aeabi_cdcmpeq               
00002179  __aeabi_cdcmple               
000021ff  __aeabi_cdrcmple              
00002285  __aeabi_memclr                
00002285  __aeabi_memclr4               
00002285  __aeabi_memclr8               
00002287  __aeabi_memset                
00002287  __aeabi_memset4               
00002287  __aeabi_memset8               
0000228d  memset                        
0000236d  __TI_decompress_lzss          
000023d5  frexp                         
000023d5  frexpl                        
0000248f  ltoa                          
00002535  atoi                          
00002581  __aeabi_d2iz                  
000025c9  __TI_auto_init_nobinit_nopinit
0000260d  __aeabi_d2uiz                 
00002651  vsnprintf                     
000026d1  _c_int00_noargs               
00002709  IntRegister                   
0000276d  __aeabi_i2d                   
0000279b  __aeabi_ui2d                  
000027bb  memccpy                       
000027ef  strcmp                        
00002807  strchr                        
0000281d  copysign                      
0000281d  copysignl                     
00002831  strcpy                        
00002845  strlen                        
00002859  __TI_zero_init_nomemset       
0000286b  wcslen                        
0000287d  IntMasterEnable               
0000288d  lcd_clear                     
0000289d  __TI_decompress_none          
000028ab  CPUcpsie                      
000028b7  ResetISR                      
000028c5  __aeabi_errno_addr            
000028cd  _system_pre_init              
000028d1  C$$EXIT                       
000028d1  abort                         
000028d4  _ctypes_                      
000029e0  __TI_Handler_Table_Base       
000029ec  __TI_Handler_Table_Limit      
00002a08  __TI_CINIT_Base               
00002a20  __TI_CINIT_Limit              
20000000  g_pfnRAMVectors               
20000270  __stack                       
20000470  __STACK_TOP                   
20000a70  __STACK_END                   
20000a70  _sys_memory                   
20000ec4  cm                            
20000ec8  falling_time                  
20000ecc  rising_time                   
20000ed0  width                         
20000ed4  width_time                    
20000ed8  state                         
20000edc  overflow                      
20000ee0  errno                         
ffffffff  __TI_pprof_out_hndl           
ffffffff  __TI_prof_data_size           
ffffffff  __TI_prof_data_start          
ffffffff  __binit__                     
ffffffff  __c_args__                    
ffffffff  binit                         
UNDEFED   __mpu_init                    
UNDEFED   _system_post_cinit            

[108 symbols]
