******************************************************************************
                  TI ARM Linker PC v18.1.2                     
******************************************************************************
>> Linked Tue Sep 11 15:36:59 2018

OUTPUT FILE NAME:   <lab_2.out>
ENTRY POINT SYMBOL: "_c_int00_noargs"  address: 0000157d


MEMORY CONFIGURATION

         name            origin    length      used     unused   attr    fill
----------------------  --------  ---------  --------  --------  ----  --------
  FLASH                 00000000   00040000  0000179f  0003e861  R  X
  SRAM                  20000000   00008000  00000ea8  00007158  RW X


SEGMENT ALLOCATION MAP

run origin  load origin   length   init length attrs members
----------  ----------- ---------- ----------- ----- -------
00000000    00000000    000017a0   000017a0    r-x
  00000000    00000000    0000026c   0000026c    r-- .intvecs
  0000026c    0000026c    000014d4   000014d4    r-x .text
  00001740    00001740    0000000f   0000000f    r-- .const
  00001750    00001750    00000050   00000050    r-- .cinit
20000000    20000000    00000eac   00000000    rw-
  20000000    20000000    0000026c   00000000    rw- .vtable
  20000270    20000270    00000800   00000000    rw- .stack
  20000a70    20000a70    00000400   00000000    rw- .sysmem
  20000e70    20000e70    00000024   00000000    rw- .data
  20000e94    20000e94    00000018   00000000    rw- .bss


SECTION ALLOCATION MAP

 output                                  attributes/
section   page    origin      length       input sections
--------  ----  ----------  ----------   ----------------
.intvecs   0    00000000    0000026c     
                  00000000    0000026c     tm4c123gh6pm_startup_ccs.obj (.intvecs)

.text      0    0000026c    000014d4     
                  0000026c    00000a88     open_interface.obj (.text)
                  00000cf4    000001e0     movement.obj (.text)
                  00000ed4    00000158     timer.obj (.text)
                  0000102c    00000136     rtsv7M4_T_le_v4SPD16_eabi.lib : fd_div_t2.asm.obj (.text)
                  00001162    000000fc                                   : fd_mul_t2.asm.obj (.text)
                  0000125e    00000002                                   : _lock.c.obj (.text:_nop)
                  00001260    000000d8                                   : memory.c.obj (.text:free)
                  00001338    0000009c                                   : memcpy_t2.asm.obj (.text)
                  000013d4    00000078                                   : memory.c.obj (.text:malloc)
                  0000144c    00000068                                   : copy_decompress_lzss.c.obj (.text:decompress:lzss:__TI_decompress_lzss)
                  000014b4    00000048                                   : fd_toi_t2.asm.obj (.text)
                  000014fc    00000044                                   : autoinit.c.obj (.text:__TI_auto_init_nobinit_nopinit:__TI_auto_init_nobinit_nopinit)
                  00001540    0000003c                                   : memory.c.obj (.text:minsert)
                  0000157c    00000038                                   : boot_cortex_m.c.obj (.text:_c_int00_noargs:_c_int00_noargs)
                  000015b4    00000038                                   : memory.c.obj (.text:minit)
                  000015ec    00000034     driverlib.lib : interrupt.obj (.text:IntRegister)
                  00001620    0000002e     rtsv7M4_T_le_v4SPD16_eabi.lib : i_tofd_t2.asm.obj (.text)
                  0000164e    0000002a                                   : memory.c.obj (.text:calloc)
                  00001678    00000028                                   : memory.c.obj (.text:mremove)
                  000016a0    00000020     main.obj (.text)
                  000016c0    00000018     open_interface.obj (.text:oi_parseInt)
                  000016d8    00000018     rtsv7M4_T_le_v4SPD16_eabi.lib : strcmp.c.obj (.text:strcmp)
                  000016f0    00000012                                   : copy_zero_init.c.obj (.text:decompress:ZI:__TI_zero_init_nomemset:__TI_zero_init_nomemset)
                  00001702    00000010     driverlib.lib : interrupt.obj (.text:IntMasterEnable)
                  00001712    0000000e     rtsv7M4_T_le_v4SPD16_eabi.lib : copy_decompress_none.c.obj (.text:decompress:none:__TI_decompress_none)
                  00001720    0000000c     driverlib.lib : cpu.obj (.text:CPUcpsie)
                  0000172c    0000000c     tm4c123gh6pm_startup_ccs.obj (.text)
                  00001738    00000004     rtsv7M4_T_le_v4SPD16_eabi.lib : pre_init.c.obj (.text:_system_pre_init)
                  0000173c    00000004                                   : exit.c.obj (.text:abort:abort)

.const     0    00001740    0000000f     
                  00001740    0000000f     open_interface.obj (.const:.string:$P$T0$3)

.cinit     0    00001750    00000050     
                  00001750    00000016     (.cinit..data.load) [load image, compression = lzss]
                  00001766    00000002     --HOLE-- [fill = 0]
                  00001768    0000000c     (__TI_handler_table)
                  00001774    00000004     --HOLE-- [fill = 0]
                  00001778    00000008     (.cinit..bss.load) [load image, compression = zero_init]
                  00001780    00000008     (.cinit..vtable.load) [load image, compression = zero_init]
                  00001788    00000018     (__TI_cinit_table)

.init_array 
*          0    00000000    00000000     UNINITIALIZED

.vtable    0    20000000    0000026c     UNINITIALIZED
                  20000000    0000026c     driverlib.lib : interrupt.obj (.vtable)

.stack     0    20000270    00000800     UNINITIALIZED
                  20000270    00000004     rtsv7M4_T_le_v4SPD16_eabi.lib : boot_cortex_m.c.obj (.stack)
                  20000274    000007fc     --HOLE--

.sysmem    0    20000a70    00000400     UNINITIALIZED
                  20000a70    00000008     rtsv7M4_T_le_v4SPD16_eabi.lib : memory.c.obj (.sysmem)
                  20000a78    000003f8     --HOLE--

.data      0    20000e70    00000024     UNINITIALIZED
                  20000e70    00000010     open_interface.obj (.data)
                  20000e80    0000000c     rtsv7M4_T_le_v4SPD16_eabi.lib : memory.c.obj (.data:$O1$$)
                  20000e8c    00000008                                   : _lock.c.obj (.data:$O1$$)

.bss       0    20000e94    00000018     UNINITIALIZED
                  20000e94    00000018     open_interface.obj (.bss:firmware$2)

MODULE SUMMARY

       Module                         code   ro data   rw data
       ------                         ----   -------   -------
    .\
       open_interface.obj             2720   15        40     
       tm4c123gh6pm_startup_ccs.obj   12     620       0      
       movement.obj                   480    0         0      
       timer.obj                      344    0         0      
       main.obj                       32     0         0      
    +--+------------------------------+------+---------+---------+
       Total:                         3588   635       40     
                                                              
    C:/ti/TivaWare_C_Series-2.1.4.178/driverlib/ccs/Debug/driverlib.lib
       interrupt.obj                  68     0         620    
       cpu.obj                        12     0         0      
    +--+------------------------------+------+---------+---------+
       Total:                         80     0         620    
                                                              
    C:\ti\ccsv8\tools\compiler\ti-cgt-arm_18.1.2.LTS\lib\rtsv7M4_T_le_v4SPD16_eabi.lib
       memory.c.obj                   534    0         12     
       fd_div_t2.asm.obj              310    0         0      
       fd_mul_t2.asm.obj              252    0         0      
       memcpy_t2.asm.obj              156    0         0      
       copy_decompress_lzss.c.obj     104    0         0      
       fd_toi_t2.asm.obj              72     0         0      
       autoinit.c.obj                 68     0         0      
       boot_cortex_m.c.obj            56     0         0      
       i_tofd_t2.asm.obj              46     0         0      
       strcmp.c.obj                   24     0         0      
       copy_zero_init.c.obj           18     0         0      
       copy_decompress_none.c.obj     14     0         0      
       _lock.c.obj                    2      0         8      
       exit.c.obj                     4      0         0      
       pre_init.c.obj                 4      0         0      
    +--+------------------------------+------+---------+---------+
       Total:                         1664   0         20     
                                                              
       Heap:                          0      0         1024   
       Stack:                         0      0         2048   
       Linker Generated:              0      74        0      
    +--+------------------------------+------+---------+---------+
       Grand Total:                   5332   709       3752   


LINKER GENERATED COPY TABLES

__TI_cinit_table @ 00001788 records: 3, size/record: 8, table size: 24
	.data: load addr=00001750, load size=00000016 bytes, run addr=20000e70, run size=00000024 bytes, compression=lzss
	.bss: load addr=00001778, load size=00000008 bytes, run addr=20000e94, run size=00000018 bytes, compression=zero_init
	.vtable: load addr=00001780, load size=00000008 bytes, run addr=20000000, run size=0000026c bytes, compression=zero_init


LINKER GENERATED HANDLER TABLE

__TI_handler_table @ 00001768 records: 3, size/record: 4, table size: 12
	index: 0, handler: __TI_zero_init
	index: 1, handler: __TI_decompress_lzss
	index: 2, handler: __TI_decompress_none


GLOBAL SYMBOLS: SORTED ALPHABETICALLY BY Name 

address   name                          
-------   ----                          
0000173d  C$$EXIT                       
00001721  CPUcpsie                      
00000b65  GPIOF_Handler                 
00001703  IntMasterEnable               
000015ed  IntRegister                   
0000172d  ResetISR                      
20000a70  __STACK_END                   
00000800  __STACK_SIZE                  
20000470  __STACK_TOP                   
00000400  __SYSMEM_SIZE                 
00001788  __TI_CINIT_Base               
000017a0  __TI_CINIT_Limit              
00001768  __TI_Handler_Table_Base       
00001774  __TI_Handler_Table_Limit      
000014fd  __TI_auto_init_nobinit_nopinit
0000144d  __TI_decompress_lzss          
00001713  __TI_decompress_none          
ffffffff  __TI_pprof_out_hndl           
ffffffff  __TI_prof_data_size           
ffffffff  __TI_prof_data_start          
00000000  __TI_static_base__            
000016f1  __TI_zero_init_nomemset       
000014b5  __aeabi_d2iz                  
0000102d  __aeabi_ddiv                  
00001163  __aeabi_dmul                  
00001621  __aeabi_i2d                   
00001339  __aeabi_memcpy                
00001339  __aeabi_memcpy4               
00001339  __aeabi_memcpy8               
ffffffff  __binit__                     
ffffffff  __c_args__                    
UNDEFED   __mpu_init                    
20000270  __stack                       
0000157d  _c_int00_noargs               
20000e8c  _lock                         
0000125f  _nop                          
20000a70  _sys_memory                   
UNDEFED   _system_post_cinit            
00001739  _system_pre_init              
20000e90  _unlock                       
0000173d  abort                         
ffffffff  binit                         
0000164f  calloc                        
00001261  free                          
20000000  g_pfnRAMVectors               
00000000  g_pfnVectors                  
00000b7f  getDegrees                    
00000921  go_charge                     
000016a1  main                          
000013d5  malloc                        
00001339  memcpy                        
000015b5  minit                         
00000e53  moveRectangle_counterclockwise
00000d95  move_backward                 
00000cf5  move_forward                  
00000eab  obstacle_left                 
00000e85  obstacle_right                
0000026d  oi_alloc                      
00000a4b  oi_checkFirmware              
000002c3  oi_close                      
00000279  oi_free                       
000002ad  oi_init                       
00000289  oi_init_noupdate              
000008b7  oi_loadSong                   
000016c1  oi_parseInt                   
00000327  oi_parsePacket                
0000090d  oi_play_song                  
00000831  oi_setLeds                    
00000875  oi_setWheels                  
00000af3  oi_shutoff_init               
0000092f  oi_uartInit                   
000009d3  oi_uartReceive                
00000a19  oi_uartSendBuff               
000009b7  oi_uartSendChar               
000009fb  oi_uartSendStr                
000002d5  oi_update                     
000016d9  strcmp                        
00000fe5  timer_getClock                
00000f99  timer_startClock              
00000f33  timer_startTimer              
00000feb  timer_stopClock               
00000f83  timer_stopTimer               
00000f09  timer_waitMicros              
00000ed5  timer_waitMillis              
00000e13  turn_clockwise                
00000dd3  turn_counterclockwise         


GLOBAL SYMBOLS: SORTED BY Symbol Address 

address   name                          
-------   ----                          
00000000  __TI_static_base__            
00000000  g_pfnVectors                  
0000026d  oi_alloc                      
00000279  oi_free                       
00000289  oi_init_noupdate              
000002ad  oi_init                       
000002c3  oi_close                      
000002d5  oi_update                     
00000327  oi_parsePacket                
00000400  __SYSMEM_SIZE                 
00000800  __STACK_SIZE                  
00000831  oi_setLeds                    
00000875  oi_setWheels                  
000008b7  oi_loadSong                   
0000090d  oi_play_song                  
00000921  go_charge                     
0000092f  oi_uartInit                   
000009b7  oi_uartSendChar               
000009d3  oi_uartReceive                
000009fb  oi_uartSendStr                
00000a19  oi_uartSendBuff               
00000a4b  oi_checkFirmware              
00000af3  oi_shutoff_init               
00000b65  GPIOF_Handler                 
00000b7f  getDegrees                    
00000cf5  move_forward                  
00000d95  move_backward                 
00000dd3  turn_counterclockwise         
00000e13  turn_clockwise                
00000e53  moveRectangle_counterclockwise
00000e85  obstacle_right                
00000eab  obstacle_left                 
00000ed5  timer_waitMillis              
00000f09  timer_waitMicros              
00000f33  timer_startTimer              
00000f83  timer_stopTimer               
00000f99  timer_startClock              
00000fe5  timer_getClock                
00000feb  timer_stopClock               
0000102d  __aeabi_ddiv                  
00001163  __aeabi_dmul                  
0000125f  _nop                          
00001261  free                          
00001339  __aeabi_memcpy                
00001339  __aeabi_memcpy4               
00001339  __aeabi_memcpy8               
00001339  memcpy                        
000013d5  malloc                        
0000144d  __TI_decompress_lzss          
000014b5  __aeabi_d2iz                  
000014fd  __TI_auto_init_nobinit_nopinit
0000157d  _c_int00_noargs               
000015b5  minit                         
000015ed  IntRegister                   
00001621  __aeabi_i2d                   
0000164f  calloc                        
000016a1  main                          
000016c1  oi_parseInt                   
000016d9  strcmp                        
000016f1  __TI_zero_init_nomemset       
00001703  IntMasterEnable               
00001713  __TI_decompress_none          
00001721  CPUcpsie                      
0000172d  ResetISR                      
00001739  _system_pre_init              
0000173d  C$$EXIT                       
0000173d  abort                         
00001768  __TI_Handler_Table_Base       
00001774  __TI_Handler_Table_Limit      
00001788  __TI_CINIT_Base               
000017a0  __TI_CINIT_Limit              
20000000  g_pfnRAMVectors               
20000270  __stack                       
20000470  __STACK_TOP                   
20000a70  __STACK_END                   
20000a70  _sys_memory                   
20000e8c  _lock                         
20000e90  _unlock                       
ffffffff  __TI_pprof_out_hndl           
ffffffff  __TI_prof_data_size           
ffffffff  __TI_prof_data_start          
ffffffff  __binit__                     
ffffffff  __c_args__                    
ffffffff  binit                         
UNDEFED   __mpu_init                    
UNDEFED   _system_post_cinit            

[86 symbols]
