******************************************************************************
                  TI ARM Linker PC v18.1.2                     
******************************************************************************
>> Linked Tue Oct  2 10:00:56 2018

OUTPUT FILE NAME:   <lab_5.out>
ENTRY POINT SYMBOL: "_c_int00_noargs"  address: 000027dd


MEMORY CONFIGURATION

         name            origin    length      used     unused   attr    fill
----------------------  --------  ---------  --------  --------  ----  --------
  FLASH                 00000000   00040000  00002b21  0003d4df  R  X
  SRAM                  20000000   00008000  00000c5a  000073a6  RW X


SEGMENT ALLOCATION MAP

run origin  load origin   length   init length attrs members
----------  ----------- ---------- ----------- ----- -------
00000000    00000000    00002b28   00002b28    r-x
  00000000    00000000    0000026c   0000026c    r-- .intvecs
  0000026c    0000026c    00002704   00002704    r-x .text
  00002970    00002970    00000181   00000181    r-- .const
  00002af8    00002af8    00000030   00000030    r-- .cinit
20000000    20000000    00000c5d   00000000    rw-
  20000000    20000000    00000800   00000000    rw- .stack
  20000800    20000800    00000400   00000000    rw- .sysmem
  20000c00    20000c00    00000055   00000000    rw- .bss
  20000c58    20000c58    00000005   00000000    rw- .data


SECTION ALLOCATION MAP

 output                                  attributes/
section   page    origin      length       input sections
--------  ----  ----------  ----------   ----------------
.intvecs   0    00000000    0000026c     
                  00000000    0000026c     tm4c123gh6pm_startup_ccs.obj (.intvecs)

.text      0    0000026c    00002704     
                  0000026c    00000a5e     rtsv7M4_T_le_v4SPD16_eabi.lib : _printfi.c.obj (.text:__TI_printfi)
                  00000cca    00000002                                   : div0.asm.obj (.text)
                  00000ccc    000002ec     lcd.obj (.text)
                  00000fb8    00000270     rtsv7M4_T_le_v4SPD16_eabi.lib : _printfi.c.obj (.text:_pconv_a)
                  00001228    00000234     lab3_template.obj (.text)
                  0000145c    000001d0     rtsv7M4_T_le_v4SPD16_eabi.lib : _printfi.c.obj (.text:_pconv_g)
                  0000162c    000001b6                                   : fd_add_t2.asm.obj (.text)
                  000017e2    00000002     --HOLE-- [fill = 0]
                  000017e4    00000158     timer.obj (.text)
                  0000193c    0000013c     rtsv7M4_T_le_v4SPD16_eabi.lib : _printfi.c.obj (.text:_pconv_e)
                  00001a78    00000136                                   : fd_div_t2.asm.obj (.text)
                  00001bae    00000002     --HOLE-- [fill = 0]
                  00001bb0    00000120                                   : _printfi.c.obj (.text:fcvt)
                  00001cd0    00000118     uart.obj (.text)
                  00001de8    00000110     rtsv7M4_T_le_v4SPD16_eabi.lib : s_scalbn.c.obj (.text:scalbn)
                  00001ef8    000000fc                                   : fd_mul_t2.asm.obj (.text)
                  00001ff4    000000f0     button.obj (.text)
                  000020e4    000000b1     rtsv7M4_T_le_v4SPD16_eabi.lib : _printfi.c.obj (.text:_ltostr)
                  00002195    00000001     --HOLE-- [fill = 0]
                  00002196    0000009c                                   : memcpy_t2.asm.obj (.text)
                  00002232    00000096                                   : ull_div_t2.asm.obj (.text)
                  000022c8    00000086                                   : fd_cmp_t2.asm.obj (.text:__aeabi_cdcmple)
                  0000234e    00000086                                   : fd_cmp_t2.asm.obj (.text:__aeabi_cdrcmple)
                  000023d4    0000007a                                   : memset_t2.asm.obj (.text)
                  0000244e    0000006e                                   : _printfi.c.obj (.text:_mcpy)
                  000024bc    00000068                                   : copy_decompress_lzss.c.obj (.text:decompress:lzss:__TI_decompress_lzss)
                  00002524    00000064                                   : s_frexp.c.obj (.text:frexp)
                  00002588    00000056                                   : _printfi.c.obj (.text:_pconv_f)
                  000025de    00000054                                   : ltoa.c.obj (.text:ltoa)
                  00002632    00000052                                   : _printfi.c.obj (.text:_ecpy)
                  00002684    0000004c                                   : atoi.c.obj (.text:atoi)
                  000026d0    00000048                                   : fd_toi_t2.asm.obj (.text)
                  00002718    00000044                                   : autoinit.c.obj (.text:__TI_auto_init_nobinit_nopinit:__TI_auto_init_nobinit_nopinit)
                  0000275c    00000040                                   : vsnprintf.c.obj (.text:vsnprintf)
                  0000279c    0000003e                                   : _printfi.c.obj (.text:_fcpy)
                  000027da    00000002     --HOLE-- [fill = 0]
                  000027dc    00000038                                   : boot_cortex_m.c.obj (.text:_c_int00_noargs:_c_int00_noargs)
                  00002814    00000030                                   : vsnprintf.c.obj (.text:_outs)
                  00002844    0000002e                                   : i_tofd_t2.asm.obj (.text)
                  00002872    0000001c                                   : memccpy.c.obj (.text:memccpy)
                  0000288e    00000018                                   : vsnprintf.c.obj (.text:_outc)
                  000028a6    00000018                                   : strcmp.c.obj (.text:strcmp)
                  000028be    00000016                                   : strchr.c.obj (.text:strchr)
                  000028d4    00000014                                   : s_copysign.c.obj (.text:copysign)
                  000028e8    00000014                                   : strcpy.c.obj (.text:strcpy)
                  000028fc    00000014                                   : strlen.c.obj (.text:strlen)
                  00002910    00000012                                   : copy_zero_init.c.obj (.text:decompress:ZI:__TI_zero_init_nomemset:__TI_zero_init_nomemset)
                  00002922    00000012                                   : wcslen.c.obj (.text:wcslen)
                  00002934    00000010     lcd.obj (.text:lcd_clear)
                  00002944    0000000e     rtsv7M4_T_le_v4SPD16_eabi.lib : copy_decompress_none.c.obj (.text:decompress:none:__TI_decompress_none)
                  00002952    0000000c     tm4c123gh6pm_startup_ccs.obj (.text)
                  0000295e    00000002     --HOLE-- [fill = 0]
                  00002960    00000008     rtsv7M4_T_le_v4SPD16_eabi.lib : errno.c.obj (.text:__aeabi_errno_addr)
                  00002968    00000004                                   : pre_init.c.obj (.text:_system_pre_init)
                  0000296c    00000004                                   : exit.c.obj (.text:abort:abort)

.const     0    00002970    00000181     
                  00002970    00000101     rtsv7M4_T_le_v4SPD16_eabi.lib : ctype.c.obj (.const:.string:_ctypes_)
                  00002a71    0000001e     lab3_template.obj (.const:.string:$P$T0$1)
                  00002a8f    0000001e     lab3_template.obj (.const:.string:$P$T1$2)
                  00002aad    0000001e     lab3_template.obj (.const:.string:$P$T2$3)
                  00002acb    0000001e     lab3_template.obj (.const:.string:$P$T3$4)
                  00002ae9    00000004     lcd.obj (.const:.string:lineAddress$1)
                  00002aed    00000004     lcd.obj (.const:.string:lineAddresses$2)

.cinit     0    00002af8    00000030     
                  00002af8    0000000c     (__TI_handler_table)
                  00002b04    00000004     --HOLE-- [fill = 0]
                  00002b08    00000008     (.cinit..bss.load) [load image, compression = zero_init]
                  00002b10    00000007     (.cinit..data.load) [load image, compression = lzss]
                  00002b17    00000001     --HOLE-- [fill = 0]
                  00002b18    00000010     (__TI_cinit_table)

.init_array 
*          0    00000000    00000000     UNINITIALIZED

.stack     0    20000000    00000800     UNINITIALIZED
                  20000000    00000004     rtsv7M4_T_le_v4SPD16_eabi.lib : boot_cortex_m.c.obj (.stack)
                  20000004    000007fc     --HOLE--

.sysmem    0    20000800    00000400     UNINITIALIZED
                  20000800    00000008     rtsv7M4_T_le_v4SPD16_eabi.lib : memory.c.obj (.sysmem)
                  20000808    000003f8     --HOLE--

.bss       0    20000c00    00000055     UNINITIALIZED
                  20000c00    00000054     lcd.obj (.bss:lastbuffer$3)
                  20000c54    00000001     (.common:_prevButton)

.data      0    20000c58    00000005     UNINITIALIZED
                  20000c58    00000004     rtsv7M4_T_le_v4SPD16_eabi.lib : errno.c.obj (.data)
                  20000c5c    00000001     button.obj (.data)

MODULE SUMMARY

       Module                         code   ro data   rw data
       ------                         ----   -------   -------
    .\
       lcd.obj                        764    8         84     
       lab3_template.obj              564    120       0      
       tm4c123gh6pm_startup_ccs.obj   12     620       0      
       timer.obj                      344    0         0      
       uart.obj                       280    0         0      
       button.obj                     240    0         2      
    +--+------------------------------+------+---------+---------+
       Total:                         2204   748       86     
                                                              
    C:\ti\ccsv8\tools\compiler\ti-cgt-arm_18.1.2.LTS\lib\rtsv7M4_T_le_v4SPD16_eabi.lib
       _printfi.c.obj                 4863   0         0      
       fd_add_t2.asm.obj              438    0         0      
       fd_div_t2.asm.obj              310    0         0      
       s_scalbn.c.obj                 272    0         0      
       fd_cmp_t2.asm.obj              268    0         0      
       ctype.c.obj                    0      257       0      
       fd_mul_t2.asm.obj              252    0         0      
       memcpy_t2.asm.obj              156    0         0      
       ull_div_t2.asm.obj             150    0         0      
       vsnprintf.c.obj                136    0         0      
       memset_t2.asm.obj              122    0         0      
       copy_decompress_lzss.c.obj     104    0         0      
       s_frexp.c.obj                  100    0         0      
       ltoa.c.obj                     84     0         0      
       atoi.c.obj                     76     0         0      
       fd_toi_t2.asm.obj              72     0         0      
       autoinit.c.obj                 68     0         0      
       boot_cortex_m.c.obj            56     0         0      
       i_tofd_t2.asm.obj              46     0         0      
       memccpy.c.obj                  28     0         0      
       strcmp.c.obj                   24     0         0      
       strchr.c.obj                   22     0         0      
       s_copysign.c.obj               20     0         0      
       strcpy.c.obj                   20     0         0      
       strlen.c.obj                   20     0         0      
       copy_zero_init.c.obj           18     0         0      
       wcslen.c.obj                   18     0         0      
       copy_decompress_none.c.obj     14     0         0      
       errno.c.obj                    8      0         4      
       exit.c.obj                     4      0         0      
       pre_init.c.obj                 4      0         0      
       div0.asm.obj                   2      0         0      
    +--+------------------------------+------+---------+---------+
       Total:                         7775   257       4      
                                                              
       Heap:                          0      0         1024   
       Stack:                         0      0         2048   
       Linker Generated:              0      43        0      
    +--+------------------------------+------+---------+---------+
       Grand Total:                   9979   1048      3162   


LINKER GENERATED COPY TABLES

__TI_cinit_table @ 00002b18 records: 2, size/record: 8, table size: 16
	.bss: load addr=00002b08, load size=00000008 bytes, run addr=20000c00, run size=00000055 bytes, compression=zero_init
	.data: load addr=00002b10, load size=00000007 bytes, run addr=20000c58, run size=00000005 bytes, compression=lzss


LINKER GENERATED HANDLER TABLE

__TI_handler_table @ 00002af8 records: 3, size/record: 4, table size: 12
	index: 0, handler: __TI_decompress_lzss
	index: 1, handler: __TI_decompress_none
	index: 2, handler: __TI_zero_init


GLOBAL SYMBOLS: SORTED ALPHABETICALLY BY Name 

address   name                          
-------   ----                          
0000296d  C$$EXIT                       
00002953  ResetISR                      
20000800  __STACK_END                   
00000800  __STACK_SIZE                  
20000200  __STACK_TOP                   
00000400  __SYSMEM_SIZE                 
00002b18  __TI_CINIT_Base               
00002b28  __TI_CINIT_Limit              
00002af8  __TI_Handler_Table_Base       
00002b04  __TI_Handler_Table_Limit      
00002719  __TI_auto_init_nobinit_nopinit
000024bd  __TI_decompress_lzss          
00002945  __TI_decompress_none          
ffffffff  __TI_pprof_out_hndl           
0000026d  __TI_printfi                  
ffffffff  __TI_prof_data_size           
ffffffff  __TI_prof_data_start          
00000000  __TI_static_base__            
00002911  __TI_zero_init_nomemset       
000022c9  __aeabi_cdcmpeq               
000022c9  __aeabi_cdcmple               
0000234f  __aeabi_cdrcmple              
000026d1  __aeabi_d2iz                  
00001637  __aeabi_dadd                  
00001a79  __aeabi_ddiv                  
00001ef9  __aeabi_dmul                  
0000162d  __aeabi_dsub                  
00002961  __aeabi_errno_addr            
00002845  __aeabi_i2d                   
00000ccb  __aeabi_idiv0                 
00000ccb  __aeabi_ldiv0                 
000023d5  __aeabi_memclr                
000023d5  __aeabi_memclr4               
000023d5  __aeabi_memclr8               
00002197  __aeabi_memcpy                
00002197  __aeabi_memcpy4               
00002197  __aeabi_memcpy8               
000023d7  __aeabi_memset                
000023d7  __aeabi_memset4               
000023d7  __aeabi_memset8               
00002233  __aeabi_uldivmod              
ffffffff  __binit__                     
ffffffff  __c_args__                    
UNDEFED   __mpu_init                    
20000000  __stack                       
000027dd  _c_int00_noargs               
00002970  _ctypes_                      
20000c54  _prevButton                   
20000800  _sys_memory                   
UNDEFED   _system_post_cinit            
00002969  _system_pre_init              
0000296d  abort                         
00002685  atoi                          
ffffffff  binit                         
00002021  button_checkButtons           
0000202b  button_getButton              
00002077  button_getButtonBlocking      
0000208b  button_getButtonChange        
000020b5  button_getButtonChangeBlocking
00001ff5  button_init                   
000028d5  copysign                      
000028d5  copysignl                     
20000c58  errno                         
00002525  frexp                         
00002525  frexpl                        
00000000  g_pfnVectors                  
00002935  lcd_clear                     
00000e65  lcd_gotoLine                  
00000ccd  lcd_init                      
00000ecb  lcd_printf                    
00000d8d  lcd_putc                      
00000dc5  lcd_puts                      
00000de3  lcd_sendCommand               
00000e21  lcd_sendNibble                
00000e8d  lcd_setCursorPos              
00001de9  ldexp                         
00001de9  ldexpl                        
000025df  ltoa                          
00001229  main                          
00002873  memccpy                       
00002197  memcpy                        
000023dd  memset                        
00001de9  scalbn                        
00001de9  scalbnl                       
000028bf  strchr                        
000028a7  strcmp                        
000028e9  strcpy                        
000028fd  strlen                        
000018f5  timer_getClock                
000018a9  timer_startClock              
00001843  timer_startTimer              
000018fb  timer_stopClock               
00001893  timer_stopTimer               
00001819  timer_waitMicros              
000017e5  timer_waitMillis              
00001cd1  uart_init                     
00001d75  uart_receive                  
00001d59  uart_sendChar                 
00001dab  uart_sendStr                  
0000275d  vsnprintf                     
00002923  wcslen                        


GLOBAL SYMBOLS: SORTED BY Symbol Address 

address   name                          
-------   ----                          
00000000  __TI_static_base__            
00000000  g_pfnVectors                  
0000026d  __TI_printfi                  
00000400  __SYSMEM_SIZE                 
00000800  __STACK_SIZE                  
00000ccb  __aeabi_idiv0                 
00000ccb  __aeabi_ldiv0                 
00000ccd  lcd_init                      
00000d8d  lcd_putc                      
00000dc5  lcd_puts                      
00000de3  lcd_sendCommand               
00000e21  lcd_sendNibble                
00000e65  lcd_gotoLine                  
00000e8d  lcd_setCursorPos              
00000ecb  lcd_printf                    
00001229  main                          
0000162d  __aeabi_dsub                  
00001637  __aeabi_dadd                  
000017e5  timer_waitMillis              
00001819  timer_waitMicros              
00001843  timer_startTimer              
00001893  timer_stopTimer               
000018a9  timer_startClock              
000018f5  timer_getClock                
000018fb  timer_stopClock               
00001a79  __aeabi_ddiv                  
00001cd1  uart_init                     
00001d59  uart_sendChar                 
00001d75  uart_receive                  
00001dab  uart_sendStr                  
00001de9  ldexp                         
00001de9  ldexpl                        
00001de9  scalbn                        
00001de9  scalbnl                       
00001ef9  __aeabi_dmul                  
00001ff5  button_init                   
00002021  button_checkButtons           
0000202b  button_getButton              
00002077  button_getButtonBlocking      
0000208b  button_getButtonChange        
000020b5  button_getButtonChangeBlocking
00002197  __aeabi_memcpy                
00002197  __aeabi_memcpy4               
00002197  __aeabi_memcpy8               
00002197  memcpy                        
00002233  __aeabi_uldivmod              
000022c9  __aeabi_cdcmpeq               
000022c9  __aeabi_cdcmple               
0000234f  __aeabi_cdrcmple              
000023d5  __aeabi_memclr                
000023d5  __aeabi_memclr4               
000023d5  __aeabi_memclr8               
000023d7  __aeabi_memset                
000023d7  __aeabi_memset4               
000023d7  __aeabi_memset8               
000023dd  memset                        
000024bd  __TI_decompress_lzss          
00002525  frexp                         
00002525  frexpl                        
000025df  ltoa                          
00002685  atoi                          
000026d1  __aeabi_d2iz                  
00002719  __TI_auto_init_nobinit_nopinit
0000275d  vsnprintf                     
000027dd  _c_int00_noargs               
00002845  __aeabi_i2d                   
00002873  memccpy                       
000028a7  strcmp                        
000028bf  strchr                        
000028d5  copysign                      
000028d5  copysignl                     
000028e9  strcpy                        
000028fd  strlen                        
00002911  __TI_zero_init_nomemset       
00002923  wcslen                        
00002935  lcd_clear                     
00002945  __TI_decompress_none          
00002953  ResetISR                      
00002961  __aeabi_errno_addr            
00002969  _system_pre_init              
0000296d  C$$EXIT                       
0000296d  abort                         
00002970  _ctypes_                      
00002af8  __TI_Handler_Table_Base       
00002b04  __TI_Handler_Table_Limit      
00002b18  __TI_CINIT_Base               
00002b28  __TI_CINIT_Limit              
20000000  __stack                       
20000200  __STACK_TOP                   
20000800  __STACK_END                   
20000800  _sys_memory                   
20000c54  _prevButton                   
20000c58  errno                         
ffffffff  __TI_pprof_out_hndl           
ffffffff  __TI_prof_data_size           
ffffffff  __TI_prof_data_start          
ffffffff  __binit__                     
ffffffff  __c_args__                    
ffffffff  binit                         
UNDEFED   __mpu_init                    
UNDEFED   _system_post_cinit            

[101 symbols]
