******************************************************************************
                  TI ARM Linker PC v18.1.2                     
******************************************************************************
>> Linked Tue Nov 13 10:56:31 2018

OUTPUT FILE NAME:   <lab_9(copy).out>
ENTRY POINT SYMBOL: "_c_int00_noargs"  address: 00004069


MEMORY CONFIGURATION

         name            origin    length      used     unused   attr    fill
----------------------  --------  ---------  --------  --------  ----  --------
  FLASH                 00000000   00040000  000044fc  0003bb04  R  X
  SRAM                  20000000   00008000  00000f23  000070dd  RW X


SEGMENT ALLOCATION MAP

run origin  load origin   length   init length attrs members
----------  ----------- ---------- ----------- ----- -------
00000000    00000000    00004500   00004500    r-x
  00000000    00000000    0000026c   0000026c    r-- .intvecs
  0000026c    0000026c    00004120   00004120    r-x .text
  0000438c    0000438c    00000118   00000118    r-- .const
  000044a8    000044a8    00000058   00000058    r-- .cinit
20000000    20000000    00000f29   00000000    rw-
  20000000    20000000    0000026c   00000000    rw- .vtable
  20000270    20000270    00000800   00000000    rw- .stack
  20000a70    20000a70    00000400   00000000    rw- .sysmem
  20000e70    20000e70    00000086   00000000    rw- .bss
  20000ef8    20000ef8    00000031   00000000    rw- .data


SECTION ALLOCATION MAP

 output                                  attributes/
section   page    origin      length       input sections
--------  ----  ----------  ----------   ----------------
.intvecs   0    00000000    0000026c     
                  00000000    0000026c     tm4c123gh6pm_startup_ccs.obj (.intvecs)

.text      0    0000026c    00004120     
                  0000026c    00000a88     open_interface.obj (.text)
                  00000cf4    00000a5e     rtsv7M4_T_le_v4SPD16_eabi.lib : _printfi.c.obj (.text:__TI_printfi)
                  00001752    00000002                                   : _lock.c.obj (.text:_nop)
                  00001754    0000074c     lab9.obj (.text)
                  00001ea0    000002ec     lcd.obj (.text)
                  0000218c    00000270     rtsv7M4_T_le_v4SPD16_eabi.lib : _printfi.c.obj (.text:_pconv_a)
                  000023fc    00000270     ping.obj (.text)
                  0000266c    00000210     ir.obj (.text)
                  0000287c    000001e0     movement.obj (.text)
                  00002a5c    000001d0     rtsv7M4_T_le_v4SPD16_eabi.lib : _printfi.c.obj (.text:_pconv_g)
                  00002c2c    000001b6                                   : fd_add_t2.asm.obj (.text)
                  00002de2    00000002                                   : div0.asm.obj (.text)
                  00002de4    00000158     timer.obj (.text)
                  00002f3c    0000013c     rtsv7M4_T_le_v4SPD16_eabi.lib : _printfi.c.obj (.text:_pconv_e)
                  00003078    00000136                                   : fd_div_t2.asm.obj (.text)
                  000031ae    00000002     --HOLE-- [fill = 0]
                  000031b0    00000120                                   : _printfi.c.obj (.text:fcvt)
                  000032d0    00000118     uart.obj (.text)
                  000033e8    00000110     rtsv7M4_T_le_v4SPD16_eabi.lib : s_scalbn.c.obj (.text:scalbn)
                  000034f8    000000fc                                   : fd_mul_t2.asm.obj (.text)
                  000035f4    000000f0     button.obj (.text)
                  000036e4    000000d8     rtsv7M4_T_le_v4SPD16_eabi.lib : memory.c.obj (.text:free)
                  000037bc    000000b1                                   : _printfi.c.obj (.text:_ltostr)
                  0000386d    00000001     --HOLE-- [fill = 0]
                  0000386e    0000009c                                   : memcpy_t2.asm.obj (.text)
                  0000390a    00000096                                   : ull_div_t2.asm.obj (.text)
                  000039a0    00000086                                   : fd_cmp_t2.asm.obj (.text:__aeabi_cdcmple)
                  00003a26    00000086                                   : fd_cmp_t2.asm.obj (.text:__aeabi_cdrcmple)
                  00003aac    0000007a                                   : memset_t2.asm.obj (.text)
                  00003b26    00000002     --HOLE-- [fill = 0]
                  00003b28    00000078                                   : memory.c.obj (.text:malloc)
                  00003ba0    0000006e                                   : _printfi.c.obj (.text:_mcpy)
                  00003c0e    0000006e                                   : fd_tos_t2.asm.obj (.text)
                  00003c7c    00000068                                   : copy_decompress_lzss.c.obj (.text:decompress:lzss:__TI_decompress_lzss)
                  00003ce4    00000064                                   : s_frexp.c.obj (.text:frexp)
                  00003d48    00000056                                   : _printfi.c.obj (.text:_pconv_f)
                  00003d9e    00000054                                   : ltoa.c.obj (.text:ltoa)
                  00003df2    00000052                                   : _printfi.c.obj (.text:_ecpy)
                  00003e44    0000004c                                   : atoi.c.obj (.text:atoi)
                  00003e90    0000004c                                   : snprintf.c.obj (.text:snprintf)
                  00003edc    00000048                                   : fd_toi_t2.asm.obj (.text)
                  00003f24    00000044                                   : autoinit.c.obj (.text:__TI_auto_init_nobinit_nopinit:__TI_auto_init_nobinit_nopinit)
                  00003f68    00000044                                   : fd_tou_t2.asm.obj (.text)
                  00003fac    00000040                                   : vsnprintf.c.obj (.text:vsnprintf)
                  00003fec    0000003e                                   : _printfi.c.obj (.text:_fcpy)
                  0000402a    00000002     --HOLE-- [fill = 0]
                  0000402c    0000003c                                   : memory.c.obj (.text:minsert)
                  00004068    00000038                                   : boot_cortex_m.c.obj (.text:_c_int00_noargs:_c_int00_noargs)
                  000040a0    00000038                                   : memory.c.obj (.text:minit)
                  000040d8    00000038                                   : fs_tod_t2.asm.obj (.text)
                  00004110    00000034     driverlib.lib : interrupt.obj (.text:IntRegister)
                  00004144    00000030     rtsv7M4_T_le_v4SPD16_eabi.lib : snprintf.c.obj (.text:_outs)
                  00004174    00000030                                   : vsnprintf.c.obj (.text:_outs)
                  000041a4    0000002e                                   : i_tofd_t2.asm.obj (.text)
                  000041d2    0000002a                                   : memory.c.obj (.text:calloc)
                  000041fc    00000028                                   : memory.c.obj (.text:mremove)
                  00004224    00000020                                   : u_tofd_t2.asm.obj (.text)
                  00004244    0000001c                                   : memccpy.c.obj (.text:memccpy)
                  00004260    00000018                                   : snprintf.c.obj (.text:_outc)
                  00004278    00000018                                   : vsnprintf.c.obj (.text:_outc)
                  00004290    00000018     open_interface.obj (.text:oi_parseInt)
                  000042a8    00000018     rtsv7M4_T_le_v4SPD16_eabi.lib : strcmp.c.obj (.text:strcmp)
                  000042c0    00000016                                   : strchr.c.obj (.text:strchr)
                  000042d6    00000014                                   : s_copysign.c.obj (.text:copysign)
                  000042ea    00000014                                   : strcpy.c.obj (.text:strcpy)
                  000042fe    00000014                                   : strlen.c.obj (.text:strlen)
                  00004312    00000012                                   : copy_zero_init.c.obj (.text:decompress:ZI:__TI_zero_init_nomemset:__TI_zero_init_nomemset)
                  00004324    00000012                                   : wcslen.c.obj (.text:wcslen)
                  00004336    00000010     driverlib.lib : interrupt.obj (.text:IntMasterEnable)
                  00004346    00000010     lcd.obj (.text:lcd_clear)
                  00004356    0000000e     rtsv7M4_T_le_v4SPD16_eabi.lib : copy_decompress_none.c.obj (.text:decompress:none:__TI_decompress_none)
                  00004364    0000000c     driverlib.lib : cpu.obj (.text:CPUcpsie)
                  00004370    0000000c     tm4c123gh6pm_startup_ccs.obj (.text)
                  0000437c    00000008     rtsv7M4_T_le_v4SPD16_eabi.lib : errno.c.obj (.text:__aeabi_errno_addr)
                  00004384    00000004                                   : pre_init.c.obj (.text:_system_pre_init)
                  00004388    00000004                                   : exit.c.obj (.text:abort:abort)

.const     0    0000438c    00000118     
                  0000438c    00000101     rtsv7M4_T_le_v4SPD16_eabi.lib : ctype.c.obj (.const:.string:_ctypes_)
                  0000448d    0000000f     open_interface.obj (.const:.string:$P$T0$3)
                  0000449c    00000004     lcd.obj (.const:.string:lineAddress$1)
                  000044a0    00000004     lcd.obj (.const:.string:lineAddresses$2)

.cinit     0    000044a8    00000058     
                  000044a8    0000001d     (.cinit..data.load) [load image, compression = lzss]
                  000044c5    00000003     --HOLE-- [fill = 0]
                  000044c8    0000000c     (__TI_handler_table)
                  000044d4    00000004     --HOLE-- [fill = 0]
                  000044d8    00000008     (.cinit..bss.load) [load image, compression = zero_init]
                  000044e0    00000008     (.cinit..vtable.load) [load image, compression = zero_init]
                  000044e8    00000018     (__TI_cinit_table)

.init_array 
*          0    00000000    00000000     UNINITIALIZED

.vtable    0    20000000    0000026c     UNINITIALIZED
                  20000000    0000026c     driverlib.lib : interrupt.obj (.vtable)

.stack     0    20000270    00000800     UNINITIALIZED
                  20000270    00000004     rtsv7M4_T_le_v4SPD16_eabi.lib : boot_cortex_m.c.obj (.stack)
                  20000274    000007fc     --HOLE--

.sysmem    0    20000a70    00000400     UNINITIALIZED
                  20000a70    00000008     rtsv7M4_T_le_v4SPD16_eabi.lib : memory.c.obj (.sysmem)
                  20000a78    000003f8     --HOLE--

.bss       0    20000e70    00000086     UNINITIALIZED
                  20000e70    00000054     lcd.obj (.bss:lastbuffer$3)
                  20000ec4    00000018     open_interface.obj (.bss:firmware$2)
                  20000edc    00000004     (.common:cm)
                  20000ee0    00000004     (.common:falling_time)
                  20000ee4    00000004     (.common:overflow)
                  20000ee8    00000004     (.common:rising_time)
                  20000eec    00000004     (.common:width)
                  20000ef0    00000004     (.common:width_time)
                  20000ef4    00000001     (.common:_prevButton)
                  20000ef5    00000001     (.common:state)

.data      0    20000ef8    00000031     UNINITIALIZED
                  20000ef8    00000010     open_interface.obj (.data)
                  20000f08    0000000c     rtsv7M4_T_le_v4SPD16_eabi.lib : memory.c.obj (.data:$O1$$)
                  20000f14    00000008                                   : _lock.c.obj (.data:$O1$$)
                  20000f1c    00000008     lab9.obj (.data)
                  20000f24    00000004     rtsv7M4_T_le_v4SPD16_eabi.lib : errno.c.obj (.data)
                  20000f28    00000001     button.obj (.data)

MODULE SUMMARY

       Module                         code    ro data   rw data
       ------                         ----    -------   -------
    .\
       open_interface.obj             2720    15        40     
       lab9.obj                       1868    0         24     
       lcd.obj                        764     8         84     
       ping.obj                       624     0         9      
       tm4c123gh6pm_startup_ccs.obj   12      620       0      
       ir.obj                         528     0         0      
       movement.obj                   480     0         0      
       timer.obj                      344     0         0      
       uart.obj                       280     0         0      
       button.obj                     240     0         2      
    +--+------------------------------+-------+---------+---------+
       Total:                         7860    643       159    
                                                               
    C:/ti/TivaWare_C_Series-2.1.4.178/driverlib/ccs/Debug/driverlib.lib
       interrupt.obj                  68      0         620    
       cpu.obj                        12      0         0      
    +--+------------------------------+-------+---------+---------+
       Total:                         80      0         620    
                                                               
    C:\ti\ccsv8\tools\compiler\ti-cgt-arm_18.1.2.LTS\lib\rtsv7M4_T_le_v4SPD16_eabi.lib
       _printfi.c.obj                 4863    0         0      
       memory.c.obj                   534     0         12     
       fd_add_t2.asm.obj              438     0         0      
       fd_div_t2.asm.obj              310     0         0      
       s_scalbn.c.obj                 272     0         0      
       fd_cmp_t2.asm.obj              268     0         0      
       ctype.c.obj                    0       257       0      
       fd_mul_t2.asm.obj              252     0         0      
       memcpy_t2.asm.obj              156     0         0      
       ull_div_t2.asm.obj             150     0         0      
       snprintf.c.obj                 148     0         0      
       vsnprintf.c.obj                136     0         0      
       memset_t2.asm.obj              122     0         0      
       fd_tos_t2.asm.obj              110     0         0      
       copy_decompress_lzss.c.obj     104     0         0      
       s_frexp.c.obj                  100     0         0      
       ltoa.c.obj                     84      0         0      
       atoi.c.obj                     76      0         0      
       fd_toi_t2.asm.obj              72      0         0      
       autoinit.c.obj                 68      0         0      
       fd_tou_t2.asm.obj              68      0         0      
       boot_cortex_m.c.obj            56      0         0      
       fs_tod_t2.asm.obj              56      0         0      
       i_tofd_t2.asm.obj              46      0         0      
       u_tofd_t2.asm.obj              32      0         0      
       memccpy.c.obj                  28      0         0      
       strcmp.c.obj                   24      0         0      
       strchr.c.obj                   22      0         0      
       s_copysign.c.obj               20      0         0      
       strcpy.c.obj                   20      0         0      
       strlen.c.obj                   20      0         0      
       copy_zero_init.c.obj           18      0         0      
       wcslen.c.obj                   18      0         0      
       copy_decompress_none.c.obj     14      0         0      
       errno.c.obj                    8       0         4      
       _lock.c.obj                    2       0         8      
       exit.c.obj                     4       0         0      
       pre_init.c.obj                 4       0         0      
       div0.asm.obj                   2       0         0      
    +--+------------------------------+-------+---------+---------+
       Total:                         8725    257       24     
                                                               
       Heap:                          0       0         1024   
       Stack:                         0       0         2048   
       Linker Generated:              0       81        0      
    +--+------------------------------+-------+---------+---------+
       Grand Total:                   16665   981       3875   


LINKER GENERATED COPY TABLES

__TI_cinit_table @ 000044e8 records: 3, size/record: 8, table size: 24
	.data: load addr=000044a8, load size=0000001d bytes, run addr=20000ef8, run size=00000031 bytes, compression=lzss
	.bss: load addr=000044d8, load size=00000008 bytes, run addr=20000e70, run size=00000086 bytes, compression=zero_init
	.vtable: load addr=000044e0, load size=00000008 bytes, run addr=20000000, run size=0000026c bytes, compression=zero_init


LINKER GENERATED HANDLER TABLE

__TI_handler_table @ 000044c8 records: 3, size/record: 4, table size: 12
	index: 0, handler: __TI_zero_init
	index: 1, handler: __TI_decompress_lzss
	index: 2, handler: __TI_decompress_none


GLOBAL SYMBOLS: SORTED ALPHABETICALLY BY Name 

address   name                          
-------   ----                          
0000266d  ADC_init                      
000026df  ADC_read                      
00002701  ADC_read2                     
00004389  C$$EXIT                       
00004365  CPUcpsie                      
00000b65  GPIOF_Handler                 
00002445  GPIO_init                     
00002745  IR_Convert                    
00004337  IntMasterEnable               
00004111  IntRegister                   
00002479  PING_init                     
00004371  ResetISR                      
000023fd  TIMER3B_Handler               
20000a70  __STACK_END                   
00000800  __STACK_SIZE                  
20000470  __STACK_TOP                   
00000400  __SYSMEM_SIZE                 
000044e8  __TI_CINIT_Base               
00004500  __TI_CINIT_Limit              
000044c8  __TI_Handler_Table_Base       
000044d4  __TI_Handler_Table_Limit      
00003f25  __TI_auto_init_nobinit_nopinit
00003c7d  __TI_decompress_lzss          
00004357  __TI_decompress_none          
ffffffff  __TI_pprof_out_hndl           
00000cf5  __TI_printfi                  
ffffffff  __TI_prof_data_size           
ffffffff  __TI_prof_data_start          
00000000  __TI_static_base__            
00004313  __TI_zero_init_nomemset       
000039a1  __aeabi_cdcmpeq               
000039a1  __aeabi_cdcmple               
00003a27  __aeabi_cdrcmple              
00003c0f  __aeabi_d2f                   
00003edd  __aeabi_d2iz                  
00003f69  __aeabi_d2uiz                 
00002c37  __aeabi_dadd                  
00003079  __aeabi_ddiv                  
000034f9  __aeabi_dmul                  
00002c2d  __aeabi_dsub                  
0000437d  __aeabi_errno_addr            
000040d9  __aeabi_f2d                   
000041a5  __aeabi_i2d                   
00002de3  __aeabi_idiv0                 
00002de3  __aeabi_ldiv0                 
00003aad  __aeabi_memclr                
00003aad  __aeabi_memclr4               
00003aad  __aeabi_memclr8               
0000386f  __aeabi_memcpy                
0000386f  __aeabi_memcpy4               
0000386f  __aeabi_memcpy8               
00003aaf  __aeabi_memset                
00003aaf  __aeabi_memset4               
00003aaf  __aeabi_memset8               
00004225  __aeabi_ui2d                  
0000390b  __aeabi_uldivmod              
ffffffff  __binit__                     
ffffffff  __c_args__                    
UNDEFED   __mpu_init                    
20000270  __stack                       
00004069  _c_int00_noargs               
0000438c  _ctypes_                      
20000f14  _lock                         
00001753  _nop                          
20000ef4  _prevButton                   
20000a70  _sys_memory                   
UNDEFED   _system_post_cinit            
00004385  _system_pre_init              
20000f18  _unlock                       
00004389  abort                         
00003e45  atoi                          
ffffffff  binit                         
00003621  button_checkButtons           
0000362b  button_getButton              
00003677  button_getButtonBlocking      
0000368b  button_getButtonChange        
000036b5  button_getButtonChangeBlocking
000035f5  button_init                   
00001d91  calib                         
000027c1  calibrate                     
000041d3  calloc                        
20000edc  cm                            
000042d7  copysign                      
000042d7  copysignl                     
20000f24  errno                         
20000ee0  falling_time                  
000036e5  free                          
00003ce5  frexp                         
00003ce5  frexpl                        
20000000  g_pfnRAMVectors               
00000000  g_pfnVectors                  
00000b7f  getDegrees                    
00000921  go_charge                     
00004347  lcd_clear                     
00002039  lcd_gotoLine                  
00001ea1  lcd_init                      
0000209f  lcd_printf                    
00001f61  lcd_putc                      
00001f99  lcd_puts                      
00001fb7  lcd_sendCommand               
00001ff5  lcd_sendNibble                
00002061  lcd_setCursorPos              
000033e9  ldexp                         
000033e9  ldexpl                        
00003d9f  ltoa                          
0000183f  main                          
00003b29  malloc                        
00004245  memccpy                       
0000386f  memcpy                        
00003ab5  memset                        
000040a1  minit                         
000029db  moveRectangle_counterclockwise
0000291d  move_backward                 
0000287d  move_forward                  
00002a33  obstacle_left                 
00002a0d  obstacle_right                
0000026d  oi_alloc                      
00000a4b  oi_checkFirmware              
000002c3  oi_close                      
00000279  oi_free                       
000002ad  oi_init                       
00000289  oi_init_noupdate              
000008b7  oi_loadSong                   
00004291  oi_parseInt                   
00000327  oi_parsePacket                
0000090d  oi_play_song                  
00000831  oi_setLeds                    
00000875  oi_setWheels                  
00000af3  oi_shutoff_init               
0000092f  oi_uartInit                   
000009d3  oi_uartReceive                
00000a19  oi_uartSendBuff               
000009b7  oi_uartSendChar               
000009fb  oi_uartSendStr                
000002d5  oi_update                     
20000ee4  overflow                      
0000184d  part1                         
0000199d  part2                         
20000f1c  period_width                  
0000257f  ping_read                     
20000ee8  rising_time                   
000033e9  scalbn                        
000033e9  scalbnl                       
0000250b  send_pulse                    
00003e91  snprintf                      
20000ef5  state                         
000042c1  strchr                        
000042a9  strcmp                        
000042eb  strcpy                        
000042ff  strlen                        
20000f20  timer                         
00001755  timer1_init                   
00002ef5  timer_getClock                
00002ea9  timer_startClock              
00002e43  timer_startTimer              
00002efb  timer_stopClock               
00002e93  timer_stopTimer               
00002e19  timer_waitMicros              
00002de5  timer_waitMillis              
00001805  turnDegrees                   
0000299b  turn_clockwise                
0000295b  turn_counterclockwise         
000032d1  uart_init                     
00003375  uart_receive                  
00003359  uart_sendChar                 
000033ab  uart_sendStr                  
00003fad  vsnprintf                     
00004325  wcslen                        
20000eec  width                         
20000ef0  width_time                    


GLOBAL SYMBOLS: SORTED BY Symbol Address 

address   name                          
-------   ----                          
00000000  __TI_static_base__            
00000000  g_pfnVectors                  
0000026d  oi_alloc                      
00000279  oi_free                       
00000289  oi_init_noupdate              
000002ad  oi_init                       
000002c3  oi_close                      
000002d5  oi_update                     
00000327  oi_parsePacket                
00000400  __SYSMEM_SIZE                 
00000800  __STACK_SIZE                  
00000831  oi_setLeds                    
00000875  oi_setWheels                  
000008b7  oi_loadSong                   
0000090d  oi_play_song                  
00000921  go_charge                     
0000092f  oi_uartInit                   
000009b7  oi_uartSendChar               
000009d3  oi_uartReceive                
000009fb  oi_uartSendStr                
00000a19  oi_uartSendBuff               
00000a4b  oi_checkFirmware              
00000af3  oi_shutoff_init               
00000b65  GPIOF_Handler                 
00000b7f  getDegrees                    
00000cf5  __TI_printfi                  
00001753  _nop                          
00001755  timer1_init                   
00001805  turnDegrees                   
0000183f  main                          
0000184d  part1                         
0000199d  part2                         
00001d91  calib                         
00001ea1  lcd_init                      
00001f61  lcd_putc                      
00001f99  lcd_puts                      
00001fb7  lcd_sendCommand               
00001ff5  lcd_sendNibble                
00002039  lcd_gotoLine                  
00002061  lcd_setCursorPos              
0000209f  lcd_printf                    
000023fd  TIMER3B_Handler               
00002445  GPIO_init                     
00002479  PING_init                     
0000250b  send_pulse                    
0000257f  ping_read                     
0000266d  ADC_init                      
000026df  ADC_read                      
00002701  ADC_read2                     
00002745  IR_Convert                    
000027c1  calibrate                     
0000287d  move_forward                  
0000291d  move_backward                 
0000295b  turn_counterclockwise         
0000299b  turn_clockwise                
000029db  moveRectangle_counterclockwise
00002a0d  obstacle_right                
00002a33  obstacle_left                 
00002c2d  __aeabi_dsub                  
00002c37  __aeabi_dadd                  
00002de3  __aeabi_idiv0                 
00002de3  __aeabi_ldiv0                 
00002de5  timer_waitMillis              
00002e19  timer_waitMicros              
00002e43  timer_startTimer              
00002e93  timer_stopTimer               
00002ea9  timer_startClock              
00002ef5  timer_getClock                
00002efb  timer_stopClock               
00003079  __aeabi_ddiv                  
000032d1  uart_init                     
00003359  uart_sendChar                 
00003375  uart_receive                  
000033ab  uart_sendStr                  
000033e9  ldexp                         
000033e9  ldexpl                        
000033e9  scalbn                        
000033e9  scalbnl                       
000034f9  __aeabi_dmul                  
000035f5  button_init                   
00003621  button_checkButtons           
0000362b  button_getButton              
00003677  button_getButtonBlocking      
0000368b  button_getButtonChange        
000036b5  button_getButtonChangeBlocking
000036e5  free                          
0000386f  __aeabi_memcpy                
0000386f  __aeabi_memcpy4               
0000386f  __aeabi_memcpy8               
0000386f  memcpy                        
0000390b  __aeabi_uldivmod              
000039a1  __aeabi_cdcmpeq               
000039a1  __aeabi_cdcmple               
00003a27  __aeabi_cdrcmple              
00003aad  __aeabi_memclr                
00003aad  __aeabi_memclr4               
00003aad  __aeabi_memclr8               
00003aaf  __aeabi_memset                
00003aaf  __aeabi_memset4               
00003aaf  __aeabi_memset8               
00003ab5  memset                        
00003b29  malloc                        
00003c0f  __aeabi_d2f                   
00003c7d  __TI_decompress_lzss          
00003ce5  frexp                         
00003ce5  frexpl                        
00003d9f  ltoa                          
00003e45  atoi                          
00003e91  snprintf                      
00003edd  __aeabi_d2iz                  
00003f25  __TI_auto_init_nobinit_nopinit
00003f69  __aeabi_d2uiz                 
00003fad  vsnprintf                     
00004069  _c_int00_noargs               
000040a1  minit                         
000040d9  __aeabi_f2d                   
00004111  IntRegister                   
000041a5  __aeabi_i2d                   
000041d3  calloc                        
00004225  __aeabi_ui2d                  
00004245  memccpy                       
00004291  oi_parseInt                   
000042a9  strcmp                        
000042c1  strchr                        
000042d7  copysign                      
000042d7  copysignl                     
000042eb  strcpy                        
000042ff  strlen                        
00004313  __TI_zero_init_nomemset       
00004325  wcslen                        
00004337  IntMasterEnable               
00004347  lcd_clear                     
00004357  __TI_decompress_none          
00004365  CPUcpsie                      
00004371  ResetISR                      
0000437d  __aeabi_errno_addr            
00004385  _system_pre_init              
00004389  C$$EXIT                       
00004389  abort                         
0000438c  _ctypes_                      
000044c8  __TI_Handler_Table_Base       
000044d4  __TI_Handler_Table_Limit      
000044e8  __TI_CINIT_Base               
00004500  __TI_CINIT_Limit              
20000000  g_pfnRAMVectors               
20000270  __stack                       
20000470  __STACK_TOP                   
20000a70  __STACK_END                   
20000a70  _sys_memory                   
20000edc  cm                            
20000ee0  falling_time                  
20000ee4  overflow                      
20000ee8  rising_time                   
20000eec  width                         
20000ef0  width_time                    
20000ef4  _prevButton                   
20000ef5  state                         
20000f14  _lock                         
20000f18  _unlock                       
20000f1c  period_width                  
20000f20  timer                         
20000f24  errno                         
ffffffff  __TI_pprof_out_hndl           
ffffffff  __TI_prof_data_size           
ffffffff  __TI_prof_data_start          
ffffffff  __binit__                     
ffffffff  __c_args__                    
ffffffff  binit                         
UNDEFED   __mpu_init                    
UNDEFED   _system_post_cinit            

[170 symbols]
