******************************************************************************
                  TI ARM Linker PC v18.1.2                     
******************************************************************************
>> Linked Tue Nov 13 16:07:51 2018

OUTPUT FILE NAME:   <lab_9(copy)2.out>
ENTRY POINT SYMBOL: "_c_int00_noargs"  address: 0000406d


MEMORY CONFIGURATION

         name            origin    length      used     unused   attr    fill
----------------------  --------  ---------  --------  --------  ----  --------
  FLASH                 00000000   00040000  00004500  0003bb00  R  X
  SRAM                  20000000   00008000  00000f23  000070dd  RW X


SEGMENT ALLOCATION MAP

run origin  load origin   length   init length attrs members
----------  ----------- ---------- ----------- ----- -------
00000000    00000000    00004500   00004500    r-x
  00000000    00000000    0000026c   0000026c    r-- .intvecs
  0000026c    0000026c    00004124   00004124    r-x .text
  00004390    00004390    00000118   00000118    r-- .const
  000044a8    000044a8    00000058   00000058    r-- .cinit
20000000    20000000    00000f29   00000000    rw-
  20000000    20000000    0000026c   00000000    rw- .vtable
  20000270    20000270    00000800   00000000    rw- .stack
  20000a70    20000a70    00000400   00000000    rw- .sysmem
  20000e70    20000e70    00000086   00000000    rw- .bss
  20000ef8    20000ef8    00000031   00000000    rw- .data


SECTION ALLOCATION MAP

 output                                  attributes/
section   page    origin      length       input sections
--------  ----  ----------  ----------   ----------------
.intvecs   0    00000000    0000026c     
                  00000000    0000026c     tm4c123gh6pm_startup_ccs.obj (.intvecs)

.text      0    0000026c    00004124     
                  0000026c    00000a88     open_interface.obj (.text)
                  00000cf4    00000a5e     rtsv7M4_T_le_v4SPD16_eabi.lib : _printfi.c.obj (.text:__TI_printfi)
                  00001752    00000002                                   : _lock.c.obj (.text:_nop)
                  00001754    0000074c     lab9.obj (.text)
                  00001ea0    000002ec     lcd.obj (.text)
                  0000218c    00000270     rtsv7M4_T_le_v4SPD16_eabi.lib : _printfi.c.obj (.text:_pconv_a)
                  000023fc    00000270     ping.obj (.text)
                  0000266c    00000214     ir.obj (.text)
                  00002880    000001e0     movement.obj (.text)
                  00002a60    000001d0     rtsv7M4_T_le_v4SPD16_eabi.lib : _printfi.c.obj (.text:_pconv_g)
                  00002c30    000001b6                                   : fd_add_t2.asm.obj (.text)
                  00002de6    00000002                                   : div0.asm.obj (.text)
                  00002de8    00000158     timer.obj (.text)
                  00002f40    0000013c     rtsv7M4_T_le_v4SPD16_eabi.lib : _printfi.c.obj (.text:_pconv_e)
                  0000307c    00000136                                   : fd_div_t2.asm.obj (.text)
                  000031b2    00000002     --HOLE-- [fill = 0]
                  000031b4    00000120                                   : _printfi.c.obj (.text:fcvt)
                  000032d4    00000118     uart.obj (.text)
                  000033ec    00000110     rtsv7M4_T_le_v4SPD16_eabi.lib : s_scalbn.c.obj (.text:scalbn)
                  000034fc    000000fc                                   : fd_mul_t2.asm.obj (.text)
                  000035f8    000000f0     button.obj (.text)
                  000036e8    000000d8     rtsv7M4_T_le_v4SPD16_eabi.lib : memory.c.obj (.text:free)
                  000037c0    000000b1                                   : _printfi.c.obj (.text:_ltostr)
                  00003871    00000001     --HOLE-- [fill = 0]
                  00003872    0000009c                                   : memcpy_t2.asm.obj (.text)
                  0000390e    00000096                                   : ull_div_t2.asm.obj (.text)
                  000039a4    00000086                                   : fd_cmp_t2.asm.obj (.text:__aeabi_cdcmple)
                  00003a2a    00000086                                   : fd_cmp_t2.asm.obj (.text:__aeabi_cdrcmple)
                  00003ab0    0000007a                                   : memset_t2.asm.obj (.text)
                  00003b2a    00000002     --HOLE-- [fill = 0]
                  00003b2c    00000078                                   : memory.c.obj (.text:malloc)
                  00003ba4    0000006e                                   : _printfi.c.obj (.text:_mcpy)
                  00003c12    0000006e                                   : fd_tos_t2.asm.obj (.text)
                  00003c80    00000068                                   : copy_decompress_lzss.c.obj (.text:decompress:lzss:__TI_decompress_lzss)
                  00003ce8    00000064                                   : s_frexp.c.obj (.text:frexp)
                  00003d4c    00000056                                   : _printfi.c.obj (.text:_pconv_f)
                  00003da2    00000054                                   : ltoa.c.obj (.text:ltoa)
                  00003df6    00000052                                   : _printfi.c.obj (.text:_ecpy)
                  00003e48    0000004c                                   : atoi.c.obj (.text:atoi)
                  00003e94    0000004c                                   : snprintf.c.obj (.text:snprintf)
                  00003ee0    00000048                                   : fd_toi_t2.asm.obj (.text)
                  00003f28    00000044                                   : autoinit.c.obj (.text:__TI_auto_init_nobinit_nopinit:__TI_auto_init_nobinit_nopinit)
                  00003f6c    00000044                                   : fd_tou_t2.asm.obj (.text)
                  00003fb0    00000040                                   : vsnprintf.c.obj (.text:vsnprintf)
                  00003ff0    0000003e                                   : _printfi.c.obj (.text:_fcpy)
                  0000402e    00000002     --HOLE-- [fill = 0]
                  00004030    0000003c                                   : memory.c.obj (.text:minsert)
                  0000406c    00000038                                   : boot_cortex_m.c.obj (.text:_c_int00_noargs:_c_int00_noargs)
                  000040a4    00000038                                   : memory.c.obj (.text:minit)
                  000040dc    00000038                                   : fs_tod_t2.asm.obj (.text)
                  00004114    00000034     driverlib.lib : interrupt.obj (.text:IntRegister)
                  00004148    00000030     rtsv7M4_T_le_v4SPD16_eabi.lib : snprintf.c.obj (.text:_outs)
                  00004178    00000030                                   : vsnprintf.c.obj (.text:_outs)
                  000041a8    0000002e                                   : i_tofd_t2.asm.obj (.text)
                  000041d6    0000002a                                   : memory.c.obj (.text:calloc)
                  00004200    00000028                                   : memory.c.obj (.text:mremove)
                  00004228    00000020                                   : u_tofd_t2.asm.obj (.text)
                  00004248    0000001c                                   : memccpy.c.obj (.text:memccpy)
                  00004264    00000018                                   : snprintf.c.obj (.text:_outc)
                  0000427c    00000018                                   : vsnprintf.c.obj (.text:_outc)
                  00004294    00000018     open_interface.obj (.text:oi_parseInt)
                  000042ac    00000018     rtsv7M4_T_le_v4SPD16_eabi.lib : strcmp.c.obj (.text:strcmp)
                  000042c4    00000016                                   : strchr.c.obj (.text:strchr)
                  000042da    00000014                                   : s_copysign.c.obj (.text:copysign)
                  000042ee    00000014                                   : strcpy.c.obj (.text:strcpy)
                  00004302    00000014                                   : strlen.c.obj (.text:strlen)
                  00004316    00000012                                   : copy_zero_init.c.obj (.text:decompress:ZI:__TI_zero_init_nomemset:__TI_zero_init_nomemset)
                  00004328    00000012                                   : wcslen.c.obj (.text:wcslen)
                  0000433a    00000010     driverlib.lib : interrupt.obj (.text:IntMasterEnable)
                  0000434a    00000010     lcd.obj (.text:lcd_clear)
                  0000435a    0000000e     rtsv7M4_T_le_v4SPD16_eabi.lib : copy_decompress_none.c.obj (.text:decompress:none:__TI_decompress_none)
                  00004368    0000000c     driverlib.lib : cpu.obj (.text:CPUcpsie)
                  00004374    0000000c     tm4c123gh6pm_startup_ccs.obj (.text)
                  00004380    00000008     rtsv7M4_T_le_v4SPD16_eabi.lib : errno.c.obj (.text:__aeabi_errno_addr)
                  00004388    00000004                                   : pre_init.c.obj (.text:_system_pre_init)
                  0000438c    00000004                                   : exit.c.obj (.text:abort:abort)

.const     0    00004390    00000118     
                  00004390    00000101     rtsv7M4_T_le_v4SPD16_eabi.lib : ctype.c.obj (.const:.string:_ctypes_)
                  00004491    0000000f     open_interface.obj (.const:.string:$P$T0$3)
                  000044a0    00000004     lcd.obj (.const:.string:lineAddress$1)
                  000044a4    00000004     lcd.obj (.const:.string:lineAddresses$2)

.cinit     0    000044a8    00000058     
                  000044a8    0000001d     (.cinit..data.load) [load image, compression = lzss]
                  000044c5    00000003     --HOLE-- [fill = 0]
                  000044c8    0000000c     (__TI_handler_table)
                  000044d4    00000004     --HOLE-- [fill = 0]
                  000044d8    00000008     (.cinit..bss.load) [load image, compression = zero_init]
                  000044e0    00000008     (.cinit..vtable.load) [load image, compression = zero_init]
                  000044e8    00000018     (__TI_cinit_table)

.init_array 
*          0    00000000    00000000     UNINITIALIZED

.vtable    0    20000000    0000026c     UNINITIALIZED
                  20000000    0000026c     driverlib.lib : interrupt.obj (.vtable)

.stack     0    20000270    00000800     UNINITIALIZED
                  20000270    00000004     rtsv7M4_T_le_v4SPD16_eabi.lib : boot_cortex_m.c.obj (.stack)
                  20000274    000007fc     --HOLE--

.sysmem    0    20000a70    00000400     UNINITIALIZED
                  20000a70    00000008     rtsv7M4_T_le_v4SPD16_eabi.lib : memory.c.obj (.sysmem)
                  20000a78    000003f8     --HOLE--

.bss       0    20000e70    00000086     UNINITIALIZED
                  20000e70    00000054     lcd.obj (.bss:lastbuffer$3)
                  20000ec4    00000018     open_interface.obj (.bss:firmware$2)
                  20000edc    00000004     (.common:cm)
                  20000ee0    00000004     (.common:falling_time)
                  20000ee4    00000004     (.common:overflow)
                  20000ee8    00000004     (.common:rising_time)
                  20000eec    00000004     (.common:width)
                  20000ef0    00000004     (.common:width_time)
                  20000ef4    00000001     (.common:_prevButton)
                  20000ef5    00000001     (.common:state)

.data      0    20000ef8    00000031     UNINITIALIZED
                  20000ef8    00000010     open_interface.obj (.data)
                  20000f08    0000000c     rtsv7M4_T_le_v4SPD16_eabi.lib : memory.c.obj (.data:$O1$$)
                  20000f14    00000008                                   : _lock.c.obj (.data:$O1$$)
                  20000f1c    00000008     lab9.obj (.data)
                  20000f24    00000004     rtsv7M4_T_le_v4SPD16_eabi.lib : errno.c.obj (.data)
                  20000f28    00000001     button.obj (.data)

MODULE SUMMARY

       Module                         code    ro data   rw data
       ------                         ----    -------   -------
    .\
       open_interface.obj             2720    15        40     
       lab9.obj                       1868    0         24     
       lcd.obj                        764     8         84     
       ping.obj                       624     0         9      
       tm4c123gh6pm_startup_ccs.obj   12      620       0      
       ir.obj                         532     0         0      
       movement.obj                   480     0         0      
       timer.obj                      344     0         0      
       uart.obj                       280     0         0      
       button.obj                     240     0         2      
    +--+------------------------------+-------+---------+---------+
       Total:                         7864    643       159    
                                                               
    C:/ti/TivaWare_C_Series-2.1.4.178/driverlib/ccs/Debug/driverlib.lib
       interrupt.obj                  68      0         620    
       cpu.obj                        12      0         0      
    +--+------------------------------+-------+---------+---------+
       Total:                         80      0         620    
                                                               
    C:\ti\ccsv8\tools\compiler\ti-cgt-arm_18.1.2.LTS\lib\rtsv7M4_T_le_v4SPD16_eabi.lib
       _printfi.c.obj                 4863    0         0      
       memory.c.obj                   534     0         12     
       fd_add_t2.asm.obj              438     0         0      
       fd_div_t2.asm.obj              310     0         0      
       s_scalbn.c.obj                 272     0         0      
       fd_cmp_t2.asm.obj              268     0         0      
       ctype.c.obj                    0       257       0      
       fd_mul_t2.asm.obj              252     0         0      
       memcpy_t2.asm.obj              156     0         0      
       ull_div_t2.asm.obj             150     0         0      
       snprintf.c.obj                 148     0         0      
       vsnprintf.c.obj                136     0         0      
       memset_t2.asm.obj              122     0         0      
       fd_tos_t2.asm.obj              110     0         0      
       copy_decompress_lzss.c.obj     104     0         0      
       s_frexp.c.obj                  100     0         0      
       ltoa.c.obj                     84      0         0      
       atoi.c.obj                     76      0         0      
       fd_toi_t2.asm.obj              72      0         0      
       autoinit.c.obj                 68      0         0      
       fd_tou_t2.asm.obj              68      0         0      
       boot_cortex_m.c.obj            56      0         0      
       fs_tod_t2.asm.obj              56      0         0      
       i_tofd_t2.asm.obj              46      0         0      
       u_tofd_t2.asm.obj              32      0         0      
       memccpy.c.obj                  28      0         0      
       strcmp.c.obj                   24      0         0      
       strchr.c.obj                   22      0         0      
       s_copysign.c.obj               20      0         0      
       strcpy.c.obj                   20      0         0      
       strlen.c.obj                   20      0         0      
       copy_zero_init.c.obj           18      0         0      
       wcslen.c.obj                   18      0         0      
       copy_decompress_none.c.obj     14      0         0      
       errno.c.obj                    8       0         4      
       _lock.c.obj                    2       0         8      
       exit.c.obj                     4       0         0      
       pre_init.c.obj                 4       0         0      
       div0.asm.obj                   2       0         0      
    +--+------------------------------+-------+---------+---------+
       Total:                         8725    257       24     
                                                               
       Heap:                          0       0         1024   
       Stack:                         0       0         2048   
       Linker Generated:              0       81        0      
    +--+------------------------------+-------+---------+---------+
       Grand Total:                   16669   981       3875   


LINKER GENERATED COPY TABLES

__TI_cinit_table @ 000044e8 records: 3, size/record: 8, table size: 24
	.data: load addr=000044a8, load size=0000001d bytes, run addr=20000ef8, run size=00000031 bytes, compression=lzss
	.bss: load addr=000044d8, load size=00000008 bytes, run addr=20000e70, run size=00000086 bytes, compression=zero_init
	.vtable: load addr=000044e0, load size=00000008 bytes, run addr=20000000, run size=0000026c bytes, compression=zero_init


LINKER GENERATED HANDLER TABLE

__TI_handler_table @ 000044c8 records: 3, size/record: 4, table size: 12
	index: 0, handler: __TI_zero_init
	index: 1, handler: __TI_decompress_lzss
	index: 2, handler: __TI_decompress_none


GLOBAL SYMBOLS: SORTED ALPHABETICALLY BY Name 

address   name                          
-------   ----                          
0000266d  ADC_init                      
000026df  ADC_read                      
00002701  ADC_read2                     
0000438d  C$$EXIT                       
00004369  CPUcpsie                      
00000b65  GPIOF_Handler                 
00002445  GPIO_init                     
00002745  IR_Convert                    
0000433b  IntMasterEnable               
00004115  IntRegister                   
00002479  PING_init                     
00004375  ResetISR                      
000023fd  TIMER3B_Handler               
20000a70  __STACK_END                   
00000800  __STACK_SIZE                  
20000470  __STACK_TOP                   
00000400  __SYSMEM_SIZE                 
000044e8  __TI_CINIT_Base               
00004500  __TI_CINIT_Limit              
000044c8  __TI_Handler_Table_Base       
000044d4  __TI_Handler_Table_Limit      
00003f29  __TI_auto_init_nobinit_nopinit
00003c81  __TI_decompress_lzss          
0000435b  __TI_decompress_none          
ffffffff  __TI_pprof_out_hndl           
00000cf5  __TI_printfi                  
ffffffff  __TI_prof_data_size           
ffffffff  __TI_prof_data_start          
00000000  __TI_static_base__            
00004317  __TI_zero_init_nomemset       
000039a5  __aeabi_cdcmpeq               
000039a5  __aeabi_cdcmple               
00003a2b  __aeabi_cdrcmple              
00003c13  __aeabi_d2f                   
00003ee1  __aeabi_d2iz                  
00003f6d  __aeabi_d2uiz                 
00002c3b  __aeabi_dadd                  
0000307d  __aeabi_ddiv                  
000034fd  __aeabi_dmul                  
00002c31  __aeabi_dsub                  
00004381  __aeabi_errno_addr            
000040dd  __aeabi_f2d                   
000041a9  __aeabi_i2d                   
00002de7  __aeabi_idiv0                 
00002de7  __aeabi_ldiv0                 
00003ab1  __aeabi_memclr                
00003ab1  __aeabi_memclr4               
00003ab1  __aeabi_memclr8               
00003873  __aeabi_memcpy                
00003873  __aeabi_memcpy4               
00003873  __aeabi_memcpy8               
00003ab3  __aeabi_memset                
00003ab3  __aeabi_memset4               
00003ab3  __aeabi_memset8               
00004229  __aeabi_ui2d                  
0000390f  __aeabi_uldivmod              
ffffffff  __binit__                     
ffffffff  __c_args__                    
UNDEFED   __mpu_init                    
20000270  __stack                       
0000406d  _c_int00_noargs               
00004390  _ctypes_                      
20000f14  _lock                         
00001753  _nop                          
20000ef4  _prevButton                   
20000a70  _sys_memory                   
UNDEFED   _system_post_cinit            
00004389  _system_pre_init              
20000f18  _unlock                       
0000438d  abort                         
00003e49  atoi                          
ffffffff  binit                         
00003625  button_checkButtons           
0000362f  button_getButton              
0000367b  button_getButtonBlocking      
0000368f  button_getButtonChange        
000036b9  button_getButtonChangeBlocking
000035f9  button_init                   
00001d91  calib                         
000027c1  calibrate                     
000041d7  calloc                        
20000edc  cm                            
000042db  copysign                      
000042db  copysignl                     
20000f24  errno                         
20000ee0  falling_time                  
000036e9  free                          
00003ce9  frexp                         
00003ce9  frexpl                        
20000000  g_pfnRAMVectors               
00000000  g_pfnVectors                  
00000b7f  getDegrees                    
00000921  go_charge                     
0000434b  lcd_clear                     
00002039  lcd_gotoLine                  
00001ea1  lcd_init                      
0000209f  lcd_printf                    
00001f61  lcd_putc                      
00001f99  lcd_puts                      
00001fb7  lcd_sendCommand               
00001ff5  lcd_sendNibble                
00002061  lcd_setCursorPos              
000033ed  ldexp                         
000033ed  ldexpl                        
00003da3  ltoa                          
0000183f  main                          
00003b2d  malloc                        
00004249  memccpy                       
00003873  memcpy                        
00003ab9  memset                        
000040a5  minit                         
000029df  moveRectangle_counterclockwise
00002921  move_backward                 
00002881  move_forward                  
00002a37  obstacle_left                 
00002a11  obstacle_right                
0000026d  oi_alloc                      
00000a4b  oi_checkFirmware              
000002c3  oi_close                      
00000279  oi_free                       
000002ad  oi_init                       
00000289  oi_init_noupdate              
000008b7  oi_loadSong                   
00004295  oi_parseInt                   
00000327  oi_parsePacket                
0000090d  oi_play_song                  
00000831  oi_setLeds                    
00000875  oi_setWheels                  
00000af3  oi_shutoff_init               
0000092f  oi_uartInit                   
000009d3  oi_uartReceive                
00000a19  oi_uartSendBuff               
000009b7  oi_uartSendChar               
000009fb  oi_uartSendStr                
000002d5  oi_update                     
20000ee4  overflow                      
0000184d  part1                         
0000199d  part2                         
20000f1c  period_width                  
0000257f  ping_read                     
20000ee8  rising_time                   
000033ed  scalbn                        
000033ed  scalbnl                       
0000250b  send_pulse                    
00003e95  snprintf                      
20000ef5  state                         
000042c5  strchr                        
000042ad  strcmp                        
000042ef  strcpy                        
00004303  strlen                        
20000f20  timer                         
00001755  timer1_init                   
00002ef9  timer_getClock                
00002ead  timer_startClock              
00002e47  timer_startTimer              
00002eff  timer_stopClock               
00002e97  timer_stopTimer               
00002e1d  timer_waitMicros              
00002de9  timer_waitMillis              
00001805  turnDegrees                   
0000299f  turn_clockwise                
0000295f  turn_counterclockwise         
000032d5  uart_init                     
00003379  uart_receive                  
0000335d  uart_sendChar                 
000033af  uart_sendStr                  
00003fb1  vsnprintf                     
00004329  wcslen                        
20000eec  width                         
20000ef0  width_time                    


GLOBAL SYMBOLS: SORTED BY Symbol Address 

address   name                          
-------   ----                          
00000000  __TI_static_base__            
00000000  g_pfnVectors                  
0000026d  oi_alloc                      
00000279  oi_free                       
00000289  oi_init_noupdate              
000002ad  oi_init                       
000002c3  oi_close                      
000002d5  oi_update                     
00000327  oi_parsePacket                
00000400  __SYSMEM_SIZE                 
00000800  __STACK_SIZE                  
00000831  oi_setLeds                    
00000875  oi_setWheels                  
000008b7  oi_loadSong                   
0000090d  oi_play_song                  
00000921  go_charge                     
0000092f  oi_uartInit                   
000009b7  oi_uartSendChar               
000009d3  oi_uartReceive                
000009fb  oi_uartSendStr                
00000a19  oi_uartSendBuff               
00000a4b  oi_checkFirmware              
00000af3  oi_shutoff_init               
00000b65  GPIOF_Handler                 
00000b7f  getDegrees                    
00000cf5  __TI_printfi                  
00001753  _nop                          
00001755  timer1_init                   
00001805  turnDegrees                   
0000183f  main                          
0000184d  part1                         
0000199d  part2                         
00001d91  calib                         
00001ea1  lcd_init                      
00001f61  lcd_putc                      
00001f99  lcd_puts                      
00001fb7  lcd_sendCommand               
00001ff5  lcd_sendNibble                
00002039  lcd_gotoLine                  
00002061  lcd_setCursorPos              
0000209f  lcd_printf                    
000023fd  TIMER3B_Handler               
00002445  GPIO_init                     
00002479  PING_init                     
0000250b  send_pulse                    
0000257f  ping_read                     
0000266d  ADC_init                      
000026df  ADC_read                      
00002701  ADC_read2                     
00002745  IR_Convert                    
000027c1  calibrate                     
00002881  move_forward                  
00002921  move_backward                 
0000295f  turn_counterclockwise         
0000299f  turn_clockwise                
000029df  moveRectangle_counterclockwise
00002a11  obstacle_right                
00002a37  obstacle_left                 
00002c31  __aeabi_dsub                  
00002c3b  __aeabi_dadd                  
00002de7  __aeabi_idiv0                 
00002de7  __aeabi_ldiv0                 
00002de9  timer_waitMillis              
00002e1d  timer_waitMicros              
00002e47  timer_startTimer              
00002e97  timer_stopTimer               
00002ead  timer_startClock              
00002ef9  timer_getClock                
00002eff  timer_stopClock               
0000307d  __aeabi_ddiv                  
000032d5  uart_init                     
0000335d  uart_sendChar                 
00003379  uart_receive                  
000033af  uart_sendStr                  
000033ed  ldexp                         
000033ed  ldexpl                        
000033ed  scalbn                        
000033ed  scalbnl                       
000034fd  __aeabi_dmul                  
000035f9  button_init                   
00003625  button_checkButtons           
0000362f  button_getButton              
0000367b  button_getButtonBlocking      
0000368f  button_getButtonChange        
000036b9  button_getButtonChangeBlocking
000036e9  free                          
00003873  __aeabi_memcpy                
00003873  __aeabi_memcpy4               
00003873  __aeabi_memcpy8               
00003873  memcpy                        
0000390f  __aeabi_uldivmod              
000039a5  __aeabi_cdcmpeq               
000039a5  __aeabi_cdcmple               
00003a2b  __aeabi_cdrcmple              
00003ab1  __aeabi_memclr                
00003ab1  __aeabi_memclr4               
00003ab1  __aeabi_memclr8               
00003ab3  __aeabi_memset                
00003ab3  __aeabi_memset4               
00003ab3  __aeabi_memset8               
00003ab9  memset                        
00003b2d  malloc                        
00003c13  __aeabi_d2f                   
00003c81  __TI_decompress_lzss          
00003ce9  frexp                         
00003ce9  frexpl                        
00003da3  ltoa                          
00003e49  atoi                          
00003e95  snprintf                      
00003ee1  __aeabi_d2iz                  
00003f29  __TI_auto_init_nobinit_nopinit
00003f6d  __aeabi_d2uiz                 
00003fb1  vsnprintf                     
0000406d  _c_int00_noargs               
000040a5  minit                         
000040dd  __aeabi_f2d                   
00004115  IntRegister                   
000041a9  __aeabi_i2d                   
000041d7  calloc                        
00004229  __aeabi_ui2d                  
00004249  memccpy                       
00004295  oi_parseInt                   
000042ad  strcmp                        
000042c5  strchr                        
000042db  copysign                      
000042db  copysignl                     
000042ef  strcpy                        
00004303  strlen                        
00004317  __TI_zero_init_nomemset       
00004329  wcslen                        
0000433b  IntMasterEnable               
0000434b  lcd_clear                     
0000435b  __TI_decompress_none          
00004369  CPUcpsie                      
00004375  ResetISR                      
00004381  __aeabi_errno_addr            
00004389  _system_pre_init              
0000438d  C$$EXIT                       
0000438d  abort                         
00004390  _ctypes_                      
000044c8  __TI_Handler_Table_Base       
000044d4  __TI_Handler_Table_Limit      
000044e8  __TI_CINIT_Base               
00004500  __TI_CINIT_Limit              
20000000  g_pfnRAMVectors               
20000270  __stack                       
20000470  __STACK_TOP                   
20000a70  __STACK_END                   
20000a70  _sys_memory                   
20000edc  cm                            
20000ee0  falling_time                  
20000ee4  overflow                      
20000ee8  rising_time                   
20000eec  width                         
20000ef0  width_time                    
20000ef4  _prevButton                   
20000ef5  state                         
20000f14  _lock                         
20000f18  _unlock                       
20000f1c  period_width                  
20000f20  timer                         
20000f24  errno                         
ffffffff  __TI_pprof_out_hndl           
ffffffff  __TI_prof_data_size           
ffffffff  __TI_prof_data_start          
ffffffff  __binit__                     
ffffffff  __c_args__                    
ffffffff  binit                         
UNDEFED   __mpu_init                    
UNDEFED   _system_post_cinit            

[170 symbols]
