******************************************************************************
                  TI ARM Linker PC v18.1.2                     
******************************************************************************
>> Linked Tue Sep 18 17:29:43 2018

OUTPUT FILE NAME:   <lab_4.out>
ENTRY POINT SYMBOL: "_c_int00_noargs"  address: 000026a9


MEMORY CONFIGURATION

         name            origin    length      used     unused   attr    fill
----------------------  --------  ---------  --------  --------  ----  --------
  FLASH                 00000000   00040000  000029dd  0003d623  R  X
  SRAM                  20000000   00008000  00000ed2  0000712e  RW X


SEGMENT ALLOCATION MAP

run origin  load origin   length   init length attrs members
----------  ----------- ---------- ----------- ----- -------
00000000    00000000    000029e0   000029e0    r-x
  00000000    00000000    0000026c   0000026c    r-- .intvecs
  0000026c    0000026c    00002620   00002620    r-x .text
  0000288c    0000288c    00000109   00000109    r-- .const
  00002998    00002998    00000048   00000048    r-- .cinit
20000000    20000000    00000ed9   00000000    rw-
  20000000    20000000    0000026c   00000000    rw- .vtable
  20000270    20000270    00000800   00000000    rw- .stack
  20000a70    20000a70    00000400   00000000    rw- .sysmem
  20000e70    20000e70    00000055   00000000    rw- .bss
  20000ec8    20000ec8    00000011   00000000    rw- .data


SECTION ALLOCATION MAP

 output                                  attributes/
section   page    origin      length       input sections
--------  ----  ----------  ----------   ----------------
.intvecs   0    00000000    0000026c     
                  00000000    0000026c     tm4c123gh6pm_startup_ccs.obj (.intvecs)

.text      0    0000026c    00002620     
                  0000026c    00000a5e     rtsv7M4_T_le_v4SPD16_eabi.lib : _printfi.c.obj (.text:__TI_printfi)
                  00000cca    00000002                                   : div0.asm.obj (.text)
                  00000ccc    000002ec     lcd.obj (.text)
                  00000fb8    00000270     rtsv7M4_T_le_v4SPD16_eabi.lib : _printfi.c.obj (.text:_pconv_a)
                  00001228    00000218     clock_intr.obj (.text)
                  00001440    000001d0     rtsv7M4_T_le_v4SPD16_eabi.lib : _printfi.c.obj (.text:_pconv_g)
                  00001610    000001b6                                   : fd_add_t2.asm.obj (.text)
                  000017c6    00000002     --HOLE-- [fill = 0]
                  000017c8    00000158     timer.obj (.text)
                  00001920    0000013c     rtsv7M4_T_le_v4SPD16_eabi.lib : _printfi.c.obj (.text:_pconv_e)
                  00001a5c    00000136                                   : fd_div_t2.asm.obj (.text)
                  00001b92    00000002     --HOLE-- [fill = 0]
                  00001b94    00000120                                   : _printfi.c.obj (.text:fcvt)
                  00001cb4    00000110                                   : s_scalbn.c.obj (.text:scalbn)
                  00001dc4    000000fc                                   : fd_mul_t2.asm.obj (.text)
                  00001ec0    000000f0     button.obj (.text)
                  00001fb0    000000b1     rtsv7M4_T_le_v4SPD16_eabi.lib : _printfi.c.obj (.text:_ltostr)
                  00002061    00000001     --HOLE-- [fill = 0]
                  00002062    0000009c                                   : memcpy_t2.asm.obj (.text)
                  000020fe    00000096                                   : ull_div_t2.asm.obj (.text)
                  00002194    00000086                                   : fd_cmp_t2.asm.obj (.text:__aeabi_cdcmple)
                  0000221a    00000086                                   : fd_cmp_t2.asm.obj (.text:__aeabi_cdrcmple)
                  000022a0    0000007a                                   : memset_t2.asm.obj (.text)
                  0000231a    0000006e                                   : _printfi.c.obj (.text:_mcpy)
                  00002388    00000068                                   : copy_decompress_lzss.c.obj (.text:decompress:lzss:__TI_decompress_lzss)
                  000023f0    00000064                                   : s_frexp.c.obj (.text:frexp)
                  00002454    00000056                                   : _printfi.c.obj (.text:_pconv_f)
                  000024aa    00000054                                   : ltoa.c.obj (.text:ltoa)
                  000024fe    00000052                                   : _printfi.c.obj (.text:_ecpy)
                  00002550    0000004c                                   : atoi.c.obj (.text:atoi)
                  0000259c    00000048                                   : fd_toi_t2.asm.obj (.text)
                  000025e4    00000044                                   : autoinit.c.obj (.text:__TI_auto_init_nobinit_nopinit:__TI_auto_init_nobinit_nopinit)
                  00002628    00000040                                   : vsnprintf.c.obj (.text:vsnprintf)
                  00002668    0000003e                                   : _printfi.c.obj (.text:_fcpy)
                  000026a6    00000002     --HOLE-- [fill = 0]
                  000026a8    00000038                                   : boot_cortex_m.c.obj (.text:_c_int00_noargs:_c_int00_noargs)
                  000026e0    00000034     driverlib.lib : interrupt.obj (.text:IntRegister)
                  00002714    00000030     rtsv7M4_T_le_v4SPD16_eabi.lib : vsnprintf.c.obj (.text:_outs)
                  00002744    0000002e                                   : i_tofd_t2.asm.obj (.text)
                  00002772    0000001c                                   : memccpy.c.obj (.text:memccpy)
                  0000278e    00000018                                   : vsnprintf.c.obj (.text:_outc)
                  000027a6    00000018                                   : strcmp.c.obj (.text:strcmp)
                  000027be    00000016                                   : strchr.c.obj (.text:strchr)
                  000027d4    00000014                                   : s_copysign.c.obj (.text:copysign)
                  000027e8    00000014                                   : strcpy.c.obj (.text:strcpy)
                  000027fc    00000014                                   : strlen.c.obj (.text:strlen)
                  00002810    00000012                                   : copy_zero_init.c.obj (.text:decompress:ZI:__TI_zero_init_nomemset:__TI_zero_init_nomemset)
                  00002822    00000012                                   : wcslen.c.obj (.text:wcslen)
                  00002834    00000010     driverlib.lib : interrupt.obj (.text:IntMasterEnable)
                  00002844    00000010     lcd.obj (.text:lcd_clear)
                  00002854    0000000e     rtsv7M4_T_le_v4SPD16_eabi.lib : copy_decompress_none.c.obj (.text:decompress:none:__TI_decompress_none)
                  00002862    0000000c     driverlib.lib : cpu.obj (.text:CPUcpsie)
                  0000286e    0000000c     tm4c123gh6pm_startup_ccs.obj (.text)
                  0000287a    00000002     --HOLE-- [fill = 0]
                  0000287c    00000008     rtsv7M4_T_le_v4SPD16_eabi.lib : errno.c.obj (.text:__aeabi_errno_addr)
                  00002884    00000004                                   : pre_init.c.obj (.text:_system_pre_init)
                  00002888    00000004                                   : exit.c.obj (.text:abort:abort)

.const     0    0000288c    00000109     
                  0000288c    00000101     rtsv7M4_T_le_v4SPD16_eabi.lib : ctype.c.obj (.const:.string:_ctypes_)
                  0000298d    00000004     lcd.obj (.const:.string:lineAddress$1)
                  00002991    00000004     lcd.obj (.const:.string:lineAddresses$2)

.cinit     0    00002998    00000048     
                  00002998    0000000d     (.cinit..data.load) [load image, compression = lzss]
                  000029a5    00000003     --HOLE-- [fill = 0]
                  000029a8    0000000c     (__TI_handler_table)
                  000029b4    00000004     --HOLE-- [fill = 0]
                  000029b8    00000008     (.cinit..bss.load) [load image, compression = zero_init]
                  000029c0    00000008     (.cinit..vtable.load) [load image, compression = zero_init]
                  000029c8    00000018     (__TI_cinit_table)

.init_array 
*          0    00000000    00000000     UNINITIALIZED

.vtable    0    20000000    0000026c     UNINITIALIZED
                  20000000    0000026c     driverlib.lib : interrupt.obj (.vtable)

.stack     0    20000270    00000800     UNINITIALIZED
                  20000270    00000004     rtsv7M4_T_le_v4SPD16_eabi.lib : boot_cortex_m.c.obj (.stack)
                  20000274    000007fc     --HOLE--

.sysmem    0    20000a70    00000400     UNINITIALIZED
                  20000a70    00000008     rtsv7M4_T_le_v4SPD16_eabi.lib : memory.c.obj (.sysmem)
                  20000a78    000003f8     --HOLE--

.bss       0    20000e70    00000055     UNINITIALIZED
                  20000e70    00000054     lcd.obj (.bss:lastbuffer$3)
                  20000ec4    00000001     (.common:_prevButton)

.data      0    20000ec8    00000011     UNINITIALIZED
                  20000ec8    0000000c     clock_intr.obj (.data)
                  20000ed4    00000004     rtsv7M4_T_le_v4SPD16_eabi.lib : errno.c.obj (.data)
                  20000ed8    00000001     button.obj (.data)

MODULE SUMMARY

       Module                         code   ro data   rw data
       ------                         ----   -------   -------
    .\
       lcd.obj                        764    8         84     
       tm4c123gh6pm_startup_ccs.obj   12     620       0      
       clock_intr.obj                 536    0         12     
       timer.obj                      344    0         0      
       button.obj                     240    0         2      
    +--+------------------------------+------+---------+---------+
       Total:                         1896   628       98     
                                                              
    C:/ti/TivaWare_C_Series-2.1.4.178/driverlib/ccs/Debug/driverlib.lib
       interrupt.obj                  68     0         620    
       cpu.obj                        12     0         0      
    +--+------------------------------+------+---------+---------+
       Total:                         80     0         620    
                                                              
    C:\ti\ccsv8\tools\compiler\ti-cgt-arm_18.1.2.LTS\lib\rtsv7M4_T_le_v4SPD16_eabi.lib
       _printfi.c.obj                 4863   0         0      
       fd_add_t2.asm.obj              438    0         0      
       fd_div_t2.asm.obj              310    0         0      
       s_scalbn.c.obj                 272    0         0      
       fd_cmp_t2.asm.obj              268    0         0      
       ctype.c.obj                    0      257       0      
       fd_mul_t2.asm.obj              252    0         0      
       memcpy_t2.asm.obj              156    0         0      
       ull_div_t2.asm.obj             150    0         0      
       vsnprintf.c.obj                136    0         0      
       memset_t2.asm.obj              122    0         0      
       copy_decompress_lzss.c.obj     104    0         0      
       s_frexp.c.obj                  100    0         0      
       ltoa.c.obj                     84     0         0      
       atoi.c.obj                     76     0         0      
       fd_toi_t2.asm.obj              72     0         0      
       autoinit.c.obj                 68     0         0      
       boot_cortex_m.c.obj            56     0         0      
       i_tofd_t2.asm.obj              46     0         0      
       memccpy.c.obj                  28     0         0      
       strcmp.c.obj                   24     0         0      
       strchr.c.obj                   22     0         0      
       s_copysign.c.obj               20     0         0      
       strcpy.c.obj                   20     0         0      
       strlen.c.obj                   20     0         0      
       copy_zero_init.c.obj           18     0         0      
       wcslen.c.obj                   18     0         0      
       copy_decompress_none.c.obj     14     0         0      
       errno.c.obj                    8      0         4      
       exit.c.obj                     4      0         0      
       pre_init.c.obj                 4      0         0      
       div0.asm.obj                   2      0         0      
    +--+------------------------------+------+---------+---------+
       Total:                         7775   257       4      
                                                              
       Heap:                          0      0         1024   
       Stack:                         0      0         2048   
       Linker Generated:              0      65        0      
    +--+------------------------------+------+---------+---------+
       Grand Total:                   9751   950       3794   


LINKER GENERATED COPY TABLES

__TI_cinit_table @ 000029c8 records: 3, size/record: 8, table size: 24
	.data: load addr=00002998, load size=0000000d bytes, run addr=20000ec8, run size=00000011 bytes, compression=lzss
	.bss: load addr=000029b8, load size=00000008 bytes, run addr=20000e70, run size=00000055 bytes, compression=zero_init
	.vtable: load addr=000029c0, load size=00000008 bytes, run addr=20000000, run size=0000026c bytes, compression=zero_init


LINKER GENERATED HANDLER TABLE

__TI_handler_table @ 000029a8 records: 3, size/record: 4, table size: 12
	index: 0, handler: __TI_zero_init
	index: 1, handler: __TI_decompress_lzss
	index: 2, handler: __TI_decompress_none


GLOBAL SYMBOLS: SORTED ALPHABETICALLY BY Name 

address   name                          
-------   ----                          
00002889  C$$EXIT                       
00002863  CPUcpsie                      
00002835  IntMasterEnable               
000026e1  IntRegister                   
0000286f  ResetISR                      
00001229  TIMER4A_Handler               
0000124f  TIMER4B_Handler               
20000a70  __STACK_END                   
00000800  __STACK_SIZE                  
20000470  __STACK_TOP                   
00000400  __SYSMEM_SIZE                 
000029c8  __TI_CINIT_Base               
000029e0  __TI_CINIT_Limit              
000029a8  __TI_Handler_Table_Base       
000029b4  __TI_Handler_Table_Limit      
000025e5  __TI_auto_init_nobinit_nopinit
00002389  __TI_decompress_lzss          
00002855  __TI_decompress_none          
ffffffff  __TI_pprof_out_hndl           
0000026d  __TI_printfi                  
ffffffff  __TI_prof_data_size           
ffffffff  __TI_prof_data_start          
00000000  __TI_static_base__            
00002811  __TI_zero_init_nomemset       
00002195  __aeabi_cdcmpeq               
00002195  __aeabi_cdcmple               
0000221b  __aeabi_cdrcmple              
0000259d  __aeabi_d2iz                  
0000161b  __aeabi_dadd                  
00001a5d  __aeabi_ddiv                  
00001dc5  __aeabi_dmul                  
00001611  __aeabi_dsub                  
0000287d  __aeabi_errno_addr            
00002745  __aeabi_i2d                   
00000ccb  __aeabi_idiv0                 
00000ccb  __aeabi_ldiv0                 
000022a1  __aeabi_memclr                
000022a1  __aeabi_memclr4               
000022a1  __aeabi_memclr8               
00002063  __aeabi_memcpy                
00002063  __aeabi_memcpy4               
00002063  __aeabi_memcpy8               
000022a3  __aeabi_memset                
000022a3  __aeabi_memset4               
000022a3  __aeabi_memset8               
000020ff  __aeabi_uldivmod              
ffffffff  __binit__                     
ffffffff  __c_args__                    
UNDEFED   __mpu_init                    
20000270  __stack                       
000026a9  _c_int00_noargs               
0000288c  _ctypes_                      
20000ec4  _prevButton                   
20000a70  _sys_memory                   
UNDEFED   _system_post_cinit            
00002885  _system_pre_init              
00002889  abort                         
00002551  atoi                          
ffffffff  binit                         
00001eed  button_checkButtons           
00001ef7  button_getButton              
00001f43  button_getButtonBlocking      
00001f57  button_getButtonChange        
00001f81  button_getButtonChangeBlocking
00001ec1  button_init                   
000012cb  clock_timer_init              
000027d5  copysign                      
000027d5  copysignl                     
20000ed4  errno                         
000023f1  frexp                         
000023f1  frexpl                        
20000000  g_pfnRAMVectors               
00000000  g_pfnVectors                  
20000ec8  hours                         
00002845  lcd_clear                     
00000e65  lcd_gotoLine                  
00000ccd  lcd_init                      
00000ecb  lcd_printf                    
00000d8d  lcd_putc                      
00000dc5  lcd_puts                      
00000de3  lcd_sendCommand               
00000e21  lcd_sendNibble                
00000e8d  lcd_setCursorPos              
00001cb5  ldexp                         
00001cb5  ldexpl                        
000024ab  ltoa                          
0000134f  main                          
00002773  memccpy                       
00002063  memcpy                        
000022a9  memset                        
20000ecc  mins                          
00001cb5  scalbn                        
00001cb5  scalbnl                       
20000ed0  secs                          
000027bf  strchr                        
000027a7  strcmp                        
000027e9  strcpy                        
000027fd  strlen                        
000018d9  timer_getClock                
0000188d  timer_startClock              
00001827  timer_startTimer              
000018df  timer_stopClock               
00001877  timer_stopTimer               
000017fd  timer_waitMicros              
000017c9  timer_waitMillis              
00002629  vsnprintf                     
00002823  wcslen                        


GLOBAL SYMBOLS: SORTED BY Symbol Address 

address   name                          
-------   ----                          
00000000  __TI_static_base__            
00000000  g_pfnVectors                  
0000026d  __TI_printfi                  
00000400  __SYSMEM_SIZE                 
00000800  __STACK_SIZE                  
00000ccb  __aeabi_idiv0                 
00000ccb  __aeabi_ldiv0                 
00000ccd  lcd_init                      
00000d8d  lcd_putc                      
00000dc5  lcd_puts                      
00000de3  lcd_sendCommand               
00000e21  lcd_sendNibble                
00000e65  lcd_gotoLine                  
00000e8d  lcd_setCursorPos              
00000ecb  lcd_printf                    
00001229  TIMER4A_Handler               
0000124f  TIMER4B_Handler               
000012cb  clock_timer_init              
0000134f  main                          
00001611  __aeabi_dsub                  
0000161b  __aeabi_dadd                  
000017c9  timer_waitMillis              
000017fd  timer_waitMicros              
00001827  timer_startTimer              
00001877  timer_stopTimer               
0000188d  timer_startClock              
000018d9  timer_getClock                
000018df  timer_stopClock               
00001a5d  __aeabi_ddiv                  
00001cb5  ldexp                         
00001cb5  ldexpl                        
00001cb5  scalbn                        
00001cb5  scalbnl                       
00001dc5  __aeabi_dmul                  
00001ec1  button_init                   
00001eed  button_checkButtons           
00001ef7  button_getButton              
00001f43  button_getButtonBlocking      
00001f57  button_getButtonChange        
00001f81  button_getButtonChangeBlocking
00002063  __aeabi_memcpy                
00002063  __aeabi_memcpy4               
00002063  __aeabi_memcpy8               
00002063  memcpy                        
000020ff  __aeabi_uldivmod              
00002195  __aeabi_cdcmpeq               
00002195  __aeabi_cdcmple               
0000221b  __aeabi_cdrcmple              
000022a1  __aeabi_memclr                
000022a1  __aeabi_memclr4               
000022a1  __aeabi_memclr8               
000022a3  __aeabi_memset                
000022a3  __aeabi_memset4               
000022a3  __aeabi_memset8               
000022a9  memset                        
00002389  __TI_decompress_lzss          
000023f1  frexp                         
000023f1  frexpl                        
000024ab  ltoa                          
00002551  atoi                          
0000259d  __aeabi_d2iz                  
000025e5  __TI_auto_init_nobinit_nopinit
00002629  vsnprintf                     
000026a9  _c_int00_noargs               
000026e1  IntRegister                   
00002745  __aeabi_i2d                   
00002773  memccpy                       
000027a7  strcmp                        
000027bf  strchr                        
000027d5  copysign                      
000027d5  copysignl                     
000027e9  strcpy                        
000027fd  strlen                        
00002811  __TI_zero_init_nomemset       
00002823  wcslen                        
00002835  IntMasterEnable               
00002845  lcd_clear                     
00002855  __TI_decompress_none          
00002863  CPUcpsie                      
0000286f  ResetISR                      
0000287d  __aeabi_errno_addr            
00002885  _system_pre_init              
00002889  C$$EXIT                       
00002889  abort                         
0000288c  _ctypes_                      
000029a8  __TI_Handler_Table_Base       
000029b4  __TI_Handler_Table_Limit      
000029c8  __TI_CINIT_Base               
000029e0  __TI_CINIT_Limit              
20000000  g_pfnRAMVectors               
20000270  __stack                       
20000470  __STACK_TOP                   
20000a70  __STACK_END                   
20000a70  _sys_memory                   
20000ec4  _prevButton                   
20000ec8  hours                         
20000ecc  mins                          
20000ed0  secs                          
20000ed4  errno                         
ffffffff  __TI_pprof_out_hndl           
ffffffff  __TI_prof_data_size           
ffffffff  __TI_prof_data_start          
ffffffff  __binit__                     
ffffffff  __c_args__                    
ffffffff  binit                         
UNDEFED   __mpu_init                    
UNDEFED   _system_post_cinit            

[107 symbols]
